13:28:55 **** Build of configuration Debug for project ECED4402_2022 ****
make -j12 all 
arm-none-eabi-gcc "../Middlewares/Third_Party/FreeRTOS/Source/portable/MemMang/heap_1.c" -mcpu=cortex-m4 -std=gnu11 -g3 -DDEBUG -DUSE_HAL_DRIVER -DSTM32F411xE -c -I../Core/Inc -I../Drivers/STM32F4xx_HAL_Driver/Inc -I../Drivers/STM32F4xx_HAL_Driver/Inc/Legacy -I../Drivers/CMSIS/Device/ST/STM32F4xx/Include -I../Drivers/CMSIS/Include -I../Middlewares/Third_Party/FreeRTOS/Source/include -I../Middlewares/Third_Party/FreeRTOS/Source/CMSIS_RTOS_V2 -I../Middlewares/Third_Party/FreeRTOS/Source/portable/GCC/ARM_CM4F -O0 -ffunction-sections -fdata-sections -Wall -fstack-usage -fcyclomatic-complexity -MMD -MP -MF"Middlewares/Third_Party/FreeRTOS/Source/portable/MemMang/heap_1.d" -MT"Middlewares/Third_Party/FreeRTOS/Source/portable/MemMang/heap_1.o" --specs=nano.specs -mfpu=fpv4-sp-d16 -mfloat-abi=hard -mthumb -o "Middlewares/Third_Party/FreeRTOS/Source/portable/MemMang/heap_1.o"
arm-none-eabi-gcc "../Middlewares/Third_Party/FreeRTOS/Source/portable/GCC/ARM_CM4F/port.c" -mcpu=cortex-m4 -std=gnu11 -g3 -DDEBUG -DUSE_HAL_DRIVER -DSTM32F411xE -c -I../Core/Inc -I../Drivers/STM32F4xx_HAL_Driver/Inc -I../Drivers/STM32F4xx_HAL_Driver/Inc/Legacy -I../Drivers/CMSIS/Device/ST/STM32F4xx/Include -I../Drivers/CMSIS/Include -I../Middlewares/Third_Party/FreeRTOS/Source/include -I../Middlewares/Third_Party/FreeRTOS/Source/CMSIS_RTOS_V2 -I../Middlewares/Third_Party/FreeRTOS/Source/portable/GCC/ARM_CM4F -O0 -ffunction-sections -fdata-sections -Wall -fstack-usage -fcyclomatic-complexity -MMD -MP -MF"Middlewares/Third_Party/FreeRTOS/Source/portable/GCC/ARM_CM4F/port.d" -MT"Middlewares/Third_Party/FreeRTOS/Source/portable/GCC/ARM_CM4F/port.o" --specs=nano.specs -mfpu=fpv4-sp-d16 -mfloat-abi=hard -mthumb -o "Middlewares/Third_Party/FreeRTOS/Source/portable/GCC/ARM_CM4F/port.o"
arm-none-eabi-gcc "../Middlewares/Third_Party/FreeRTOS/Source/CMSIS_RTOS_V2/cmsis_os2.c" -mcpu=cortex-m4 -std=gnu11 -g3 -DDEBUG -DUSE_HAL_DRIVER -DSTM32F411xE -c -I../Core/Inc -I../Drivers/STM32F4xx_HAL_Driver/Inc -I../Drivers/STM32F4xx_HAL_Driver/Inc/Legacy -I../Drivers/CMSIS/Device/ST/STM32F4xx/Include -I../Drivers/CMSIS/Include -I../Middlewares/Third_Party/FreeRTOS/Source/include -I../Middlewares/Third_Party/FreeRTOS/Source/CMSIS_RTOS_V2 -I../Middlewares/Third_Party/FreeRTOS/Source/portable/GCC/ARM_CM4F -O0 -ffunction-sections -fdata-sections -Wall -fstack-usage -fcyclomatic-complexity -MMD -MP -MF"Middlewares/Third_Party/FreeRTOS/Source/CMSIS_RTOS_V2/cmsis_os2.d" -MT"Middlewares/Third_Party/FreeRTOS/Source/CMSIS_RTOS_V2/cmsis_os2.o" --specs=nano.specs -mfpu=fpv4-sp-d16 -mfloat-abi=hard -mthumb -o "Middlewares/Third_Party/FreeRTOS/Source/CMSIS_RTOS_V2/cmsis_os2.o"
arm-none-eabi-gcc "../Middlewares/Third_Party/FreeRTOS/Source/croutine.c" -mcpu=cortex-m4 -std=gnu11 -g3 -DDEBUG -DUSE_HAL_DRIVER -DSTM32F411xE -c -I../Core/Inc -I../Drivers/STM32F4xx_HAL_Driver/Inc -I../Drivers/STM32F4xx_HAL_Driver/Inc/Legacy -I../Drivers/CMSIS/Device/ST/STM32F4xx/Include -I../Drivers/CMSIS/Include -I../Middlewares/Third_Party/FreeRTOS/Source/include -I../Middlewares/Third_Party/FreeRTOS/Source/CMSIS_RTOS_V2 -I../Middlewares/Third_Party/FreeRTOS/Source/portable/GCC/ARM_CM4F -O0 -ffunction-sections -fdata-sections -Wall -fstack-usage -fcyclomatic-complexity -MMD -MP -MF"Middlewares/Third_Party/FreeRTOS/Source/croutine.d" -MT"Middlewares/Third_Party/FreeRTOS/Source/croutine.o" --specs=nano.specs -mfpu=fpv4-sp-d16 -mfloat-abi=hard -mthumb -o "Middlewares/Third_Party/FreeRTOS/Source/croutine.o"
arm-none-eabi-gcc "../Middlewares/Third_Party/FreeRTOS/Source/event_groups.c" -mcpu=cortex-m4 -std=gnu11 -g3 -DDEBUG -DUSE_HAL_DRIVER -DSTM32F411xE -c -I../Core/Inc -I../Drivers/STM32F4xx_HAL_Driver/Inc -I../Drivers/STM32F4xx_HAL_Driver/Inc/Legacy -I../Drivers/CMSIS/Device/ST/STM32F4xx/Include -I../Drivers/CMSIS/Include -I../Middlewares/Third_Party/FreeRTOS/Source/include -I../Middlewares/Third_Party/FreeRTOS/Source/CMSIS_RTOS_V2 -I../Middlewares/Third_Party/FreeRTOS/Source/portable/GCC/ARM_CM4F -O0 -ffunction-sections -fdata-sections -Wall -fstack-usage -fcyclomatic-complexity -MMD -MP -MF"Middlewares/Third_Party/FreeRTOS/Source/event_groups.d" -MT"Middlewares/Third_Party/FreeRTOS/Source/event_groups.o" --specs=nano.specs -mfpu=fpv4-sp-d16 -mfloat-abi=hard -mthumb -o "Middlewares/Third_Party/FreeRTOS/Source/event_groups.o"
arm-none-eabi-gcc "../Middlewares/Third_Party/FreeRTOS/Source/list.c" -mcpu=cortex-m4 -std=gnu11 -g3 -DDEBUG -DUSE_HAL_DRIVER -DSTM32F411xE -c -I../Core/Inc -I../Drivers/STM32F4xx_HAL_Driver/Inc -I../Drivers/STM32F4xx_HAL_Driver/Inc/Legacy -I../Drivers/CMSIS/Device/ST/STM32F4xx/Include -I../Drivers/CMSIS/Include -I../Middlewares/Third_Party/FreeRTOS/Source/include -I../Middlewares/Third_Party/FreeRTOS/Source/CMSIS_RTOS_V2 -I../Middlewares/Third_Party/FreeRTOS/Source/portable/GCC/ARM_CM4F -O0 -ffunction-sections -fdata-sections -Wall -fstack-usage -fcyclomatic-complexity -MMD -MP -MF"Middlewares/Third_Party/FreeRTOS/Source/list.d" -MT"Middlewares/Third_Party/FreeRTOS/Source/list.o" --specs=nano.specs -mfpu=fpv4-sp-d16 -mfloat-abi=hard -mthumb -o "Middlewares/Third_Party/FreeRTOS/Source/list.o"
arm-none-eabi-gcc "../Middlewares/Third_Party/FreeRTOS/Source/queue.c" -mcpu=cortex-m4 -std=gnu11 -g3 -DDEBUG -DUSE_HAL_DRIVER -DSTM32F411xE -c -I../Core/Inc -I../Drivers/STM32F4xx_HAL_Driver/Inc -I../Drivers/STM32F4xx_HAL_Driver/Inc/Legacy -I../Drivers/CMSIS/Device/ST/STM32F4xx/Include -I../Drivers/CMSIS/Include -I../Middlewares/Third_Party/FreeRTOS/Source/include -I../Middlewares/Third_Party/FreeRTOS/Source/CMSIS_RTOS_V2 -I../Middlewares/Third_Party/FreeRTOS/Source/portable/GCC/ARM_CM4F -O0 -ffunction-sections -fdata-sections -Wall -fstack-usage -fcyclomatic-complexity -MMD -MP -MF"Middlewares/Third_Party/FreeRTOS/Source/queue.d" -MT"Middlewares/Third_Party/FreeRTOS/Source/queue.o" --specs=nano.specs -mfpu=fpv4-sp-d16 -mfloat-abi=hard -mthumb -o "Middlewares/Third_Party/FreeRTOS/Source/queue.o"
arm-none-eabi-gcc "../Middlewares/Third_Party/FreeRTOS/Source/stream_buffer.c" -mcpu=cortex-m4 -std=gnu11 -g3 -DDEBUG -DUSE_HAL_DRIVER -DSTM32F411xE -c -I../Core/Inc -I../Drivers/STM32F4xx_HAL_Driver/Inc -I../Drivers/STM32F4xx_HAL_Driver/Inc/Legacy -I../Drivers/CMSIS/Device/ST/STM32F4xx/Include -I../Drivers/CMSIS/Include -I../Middlewares/Third_Party/FreeRTOS/Source/include -I../Middlewares/Third_Party/FreeRTOS/Source/CMSIS_RTOS_V2 -I../Middlewares/Third_Party/FreeRTOS/Source/portable/GCC/ARM_CM4F -O0 -ffunction-sections -fdata-sections -Wall -fstack-usage -fcyclomatic-complexity -MMD -MP -MF"Middlewares/Third_Party/FreeRTOS/Source/stream_buffer.d" -MT"Middlewares/Third_Party/FreeRTOS/Source/stream_buffer.o" --specs=nano.specs -mfpu=fpv4-sp-d16 -mfloat-abi=hard -mthumb -o "Middlewares/Third_Party/FreeRTOS/Source/stream_buffer.o"
arm-none-eabi-gcc "../Middlewares/Third_Party/FreeRTOS/Source/tasks.c" -mcpu=cortex-m4 -std=gnu11 -g3 -DDEBUG -DUSE_HAL_DRIVER -DSTM32F411xE -c -I../Core/Inc -I../Drivers/STM32F4xx_HAL_Driver/Inc -I../Drivers/STM32F4xx_HAL_Driver/Inc/Legacy -I../Drivers/CMSIS/Device/ST/STM32F4xx/Include -I../Drivers/CMSIS/Include -I../Middlewares/Third_Party/FreeRTOS/Source/include -I../Middlewares/Third_Party/FreeRTOS/Source/CMSIS_RTOS_V2 -I../Middlewares/Third_Party/FreeRTOS/Source/portable/GCC/ARM_CM4F -O0 -ffunction-sections -fdata-sections -Wall -fstack-usage -fcyclomatic-complexity -MMD -MP -MF"Middlewares/Third_Party/FreeRTOS/Source/tasks.d" -MT"Middlewares/Third_Party/FreeRTOS/Source/tasks.o" --specs=nano.specs -mfpu=fpv4-sp-d16 -mfloat-abi=hard -mthumb -o "Middlewares/Third_Party/FreeRTOS/Source/tasks.o"
arm-none-eabi-gcc "../Middlewares/Third_Party/FreeRTOS/Source/timers.c" -mcpu=cortex-m4 -std=gnu11 -g3 -DDEBUG -DUSE_HAL_DRIVER -DSTM32F411xE -c -I../Core/Inc -I../Drivers/STM32F4xx_HAL_Driver/Inc -I../Drivers/STM32F4xx_HAL_Driver/Inc/Legacy -I../Drivers/CMSIS/Device/ST/STM32F4xx/Include -I../Drivers/CMSIS/Include -I../Middlewares/Third_Party/FreeRTOS/Source/include -I../Middlewares/Third_Party/FreeRTOS/Source/CMSIS_RTOS_V2 -I../Middlewares/Third_Party/FreeRTOS/Source/portable/GCC/ARM_CM4F -O0 -ffunction-sections -fdata-sections -Wall -fstack-usage -fcyclomatic-complexity -MMD -MP -MF"Middlewares/Third_Party/FreeRTOS/Source/timers.d" -MT"Middlewares/Third_Party/FreeRTOS/Source/timers.o" --specs=nano.specs -mfpu=fpv4-sp-d16 -mfloat-abi=hard -mthumb -o "Middlewares/Third_Party/FreeRTOS/Source/timers.o"
arm-none-eabi-gcc "../Drivers/STM32F4xx_HAL_Driver/Src/stm32f4xx_hal.c" -mcpu=cortex-m4 -std=gnu11 -g3 -DDEBUG -DUSE_HAL_DRIVER -DSTM32F411xE -c -I../Core/Inc -I../Drivers/STM32F4xx_HAL_Driver/Inc -I../Drivers/STM32F4xx_HAL_Driver/Inc/Legacy -I../Drivers/CMSIS/Device/ST/STM32F4xx/Include -I../Drivers/CMSIS/Include -I../Middlewares/Third_Party/FreeRTOS/Source/include -I../Middlewares/Third_Party/FreeRTOS/Source/CMSIS_RTOS_V2 -I../Middlewares/Third_Party/FreeRTOS/Source/portable/GCC/ARM_CM4F -O0 -ffunction-sections -fdata-sections -Wall -fstack-usage -fcyclomatic-complexity -MMD -MP -MF"Drivers/STM32F4xx_HAL_Driver/Src/stm32f4xx_hal.d" -MT"Drivers/STM32F4xx_HAL_Driver/Src/stm32f4xx_hal.o" --specs=nano.specs -mfpu=fpv4-sp-d16 -mfloat-abi=hard -mthumb -o "Drivers/STM32F4xx_HAL_Driver/Src/stm32f4xx_hal.o"
arm-none-eabi-gcc "../Drivers/STM32F4xx_HAL_Driver/Src/stm32f4xx_hal_cortex.c" -mcpu=cortex-m4 -std=gnu11 -g3 -DDEBUG -DUSE_HAL_DRIVER -DSTM32F411xE -c -I../Core/Inc -I../Drivers/STM32F4xx_HAL_Driver/Inc -I../Drivers/STM32F4xx_HAL_Driver/Inc/Legacy -I../Drivers/CMSIS/Device/ST/STM32F4xx/Include -I../Drivers/CMSIS/Include -I../Middlewares/Third_Party/FreeRTOS/Source/include -I../Middlewares/Third_Party/FreeRTOS/Source/CMSIS_RTOS_V2 -I../Middlewares/Third_Party/FreeRTOS/Source/portable/GCC/ARM_CM4F -O0 -ffunction-sections -fdata-sections -Wall -fstack-usage -fcyclomatic-complexity -MMD -MP -MF"Drivers/STM32F4xx_HAL_Driver/Src/stm32f4xx_hal_cortex.d" -MT"Drivers/STM32F4xx_HAL_Driver/Src/stm32f4xx_hal_cortex.o" --specs=nano.specs -mfpu=fpv4-sp-d16 -mfloat-abi=hard -mthumb -o "Drivers/STM32F4xx_HAL_Driver/Src/stm32f4xx_hal_cortex.o"
../Middlewares/Third_Party/FreeRTOS/Source/CMSIS_RTOS_V2/cmsis_os2.c: In function 'osThreadTerminate':
../Middlewares/Third_Party/FreeRTOS/Source/CMSIS_RTOS_V2/cmsis_os2.c:658:16: warning: unused variable 'hTask' [-Wunused-variable]
  658 |   TaskHandle_t hTask = (TaskHandle_t)thread_id;
      |                ^~~~~
../Middlewares/Third_Party/FreeRTOS/Source/CMSIS_RTOS_V2/cmsis_os2.c: In function 'osTimerDelete':
../Middlewares/Third_Party/FreeRTOS/Source/CMSIS_RTOS_V2/cmsis_os2.c:1079:17: warning: unused variable 'hTimer' [-Wunused-variable]
 1079 |   TimerHandle_t hTimer = (TimerHandle_t)timer_id;
      |                 ^~~~~~
../Middlewares/Third_Party/FreeRTOS/Source/CMSIS_RTOS_V2/cmsis_os2.c: In function 'osEventFlagsDelete':
../Middlewares/Third_Party/FreeRTOS/Source/CMSIS_RTOS_V2/cmsis_os2.c:1275:22: warning: unused variable 'hEventGroup' [-Wunused-variable]
 1275 |   EventGroupHandle_t hEventGroup = (EventGroupHandle_t)ef_id;
      |                      ^~~~~~~~~~~
../Middlewares/Third_Party/FreeRTOS/Source/CMSIS_RTOS_V2/cmsis_os2.c: In function 'osSemaphoreDelete':
../Middlewares/Third_Party/FreeRTOS/Source/CMSIS_RTOS_V2/cmsis_os2.c:1666:21: warning: unused variable 'hSemaphore' [-Wunused-variable]
 1666 |   SemaphoreHandle_t hSemaphore = (SemaphoreHandle_t)semaphore_id;
      |                     ^~~~~~~~~~
../Middlewares/Third_Party/FreeRTOS/Source/CMSIS_RTOS_V2/cmsis_os2.c: In function 'osMessageQueueDelete':
../Middlewares/Third_Party/FreeRTOS/Source/CMSIS_RTOS_V2/cmsis_os2.c:1919:17: warning: unused variable 'hQueue' [-Wunused-variable]
 1919 |   QueueHandle_t hQueue = (QueueHandle_t)mq_id;
      |                 ^~~~~~
arm-none-eabi-gcc "../Drivers/STM32F4xx_HAL_Driver/Src/stm32f4xx_hal_dma.c" -mcpu=cortex-m4 -std=gnu11 -g3 -DDEBUG -DUSE_HAL_DRIVER -DSTM32F411xE -c -I../Core/Inc -I../Drivers/STM32F4xx_HAL_Driver/Inc -I../Drivers/STM32F4xx_HAL_Driver/Inc/Legacy -I../Drivers/CMSIS/Device/ST/STM32F4xx/Include -I../Drivers/CMSIS/Include -I../Middlewares/Third_Party/FreeRTOS/Source/include -I../Middlewares/Third_Party/FreeRTOS/Source/CMSIS_RTOS_V2 -I../Middlewares/Third_Party/FreeRTOS/Source/portable/GCC/ARM_CM4F -O0 -ffunction-sections -fdata-sections -Wall -fstack-usage -fcyclomatic-complexity -MMD -MP -MF"Drivers/STM32F4xx_HAL_Driver/Src/stm32f4xx_hal_dma.d" -MT"Drivers/STM32F4xx_HAL_Driver/Src/stm32f4xx_hal_dma.o" --specs=nano.specs -mfpu=fpv4-sp-d16 -mfloat-abi=hard -mthumb -o "Drivers/STM32F4xx_HAL_Driver/Src/stm32f4xx_hal_dma.o"
arm-none-eabi-gcc "../Drivers/STM32F4xx_HAL_Driver/Src/stm32f4xx_hal_dma_ex.c" -mcpu=cortex-m4 -std=gnu11 -g3 -DDEBUG -DUSE_HAL_DRIVER -DSTM32F411xE -c -I../Core/Inc -I../Drivers/STM32F4xx_HAL_Driver/Inc -I../Drivers/STM32F4xx_HAL_Driver/Inc/Legacy -I../Drivers/CMSIS/Device/ST/STM32F4xx/Include -I../Drivers/CMSIS/Include -I../Middlewares/Third_Party/FreeRTOS/Source/include -I../Middlewares/Third_Party/FreeRTOS/Source/CMSIS_RTOS_V2 -I../Middlewares/Third_Party/FreeRTOS/Source/portable/GCC/ARM_CM4F -O0 -ffunction-sections -fdata-sections -Wall -fstack-usage -fcyclomatic-complexity -MMD -MP -MF"Drivers/STM32F4xx_HAL_Driver/Src/stm32f4xx_hal_dma_ex.d" -MT"Drivers/STM32F4xx_HAL_Driver/Src/stm32f4xx_hal_dma_ex.o" --specs=nano.specs -mfpu=fpv4-sp-d16 -mfloat-abi=hard -mthumb -o "Drivers/STM32F4xx_HAL_Driver/Src/stm32f4xx_hal_dma_ex.o"
arm-none-eabi-gcc "../Drivers/STM32F4xx_HAL_Driver/Src/stm32f4xx_hal_exti.c" -mcpu=cortex-m4 -std=gnu11 -g3 -DDEBUG -DUSE_HAL_DRIVER -DSTM32F411xE -c -I../Core/Inc -I../Drivers/STM32F4xx_HAL_Driver/Inc -I../Drivers/STM32F4xx_HAL_Driver/Inc/Legacy -I../Drivers/CMSIS/Device/ST/STM32F4xx/Include -I../Drivers/CMSIS/Include -I../Middlewares/Third_Party/FreeRTOS/Source/include -I../Middlewares/Third_Party/FreeRTOS/Source/CMSIS_RTOS_V2 -I../Middlewares/Third_Party/FreeRTOS/Source/portable/GCC/ARM_CM4F -O0 -ffunction-sections -fdata-sections -Wall -fstack-usage -fcyclomatic-complexity -MMD -MP -MF"Drivers/STM32F4xx_HAL_Driver/Src/stm32f4xx_hal_exti.d" -MT"Drivers/STM32F4xx_HAL_Driver/Src/stm32f4xx_hal_exti.o" --specs=nano.specs -mfpu=fpv4-sp-d16 -mfloat-abi=hard -mthumb -o "Drivers/STM32F4xx_HAL_Driver/Src/stm32f4xx_hal_exti.o"
arm-none-eabi-gcc "../Drivers/STM32F4xx_HAL_Driver/Src/stm32f4xx_hal_flash.c" -mcpu=cortex-m4 -std=gnu11 -g3 -DDEBUG -DUSE_HAL_DRIVER -DSTM32F411xE -c -I../Core/Inc -I../Drivers/STM32F4xx_HAL_Driver/Inc -I../Drivers/STM32F4xx_HAL_Driver/Inc/Legacy -I../Drivers/CMSIS/Device/ST/STM32F4xx/Include -I../Drivers/CMSIS/Include -I../Middlewares/Third_Party/FreeRTOS/Source/include -I../Middlewares/Third_Party/FreeRTOS/Source/CMSIS_RTOS_V2 -I../Middlewares/Third_Party/FreeRTOS/Source/portable/GCC/ARM_CM4F -O0 -ffunction-sections -fdata-sections -Wall -fstack-usage -fcyclomatic-complexity -MMD -MP -MF"Drivers/STM32F4xx_HAL_Driver/Src/stm32f4xx_hal_flash.d" -MT"Drivers/STM32F4xx_HAL_Driver/Src/stm32f4xx_hal_flash.o" --specs=nano.specs -mfpu=fpv4-sp-d16 -mfloat-abi=hard -mthumb -o "Drivers/STM32F4xx_HAL_Driver/Src/stm32f4xx_hal_flash.o"
arm-none-eabi-gcc "../Drivers/STM32F4xx_HAL_Driver/Src/stm32f4xx_hal_flash_ex.c" -mcpu=cortex-m4 -std=gnu11 -g3 -DDEBUG -DUSE_HAL_DRIVER -DSTM32F411xE -c -I../Core/Inc -I../Drivers/STM32F4xx_HAL_Driver/Inc -I../Drivers/STM32F4xx_HAL_Driver/Inc/Legacy -I../Drivers/CMSIS/Device/ST/STM32F4xx/Include -I../Drivers/CMSIS/Include -I../Middlewares/Third_Party/FreeRTOS/Source/include -I../Middlewares/Third_Party/FreeRTOS/Source/CMSIS_RTOS_V2 -I../Middlewares/Third_Party/FreeRTOS/Source/portable/GCC/ARM_CM4F -O0 -ffunction-sections -fdata-sections -Wall -fstack-usage -fcyclomatic-complexity -MMD -MP -MF"Drivers/STM32F4xx_HAL_Driver/Src/stm32f4xx_hal_flash_ex.d" -MT"Drivers/STM32F4xx_HAL_Driver/Src/stm32f4xx_hal_flash_ex.o" --specs=nano.specs -mfpu=fpv4-sp-d16 -mfloat-abi=hard -mthumb -o "Drivers/STM32F4xx_HAL_Driver/Src/stm32f4xx_hal_flash_ex.o"
arm-none-eabi-gcc "../Drivers/STM32F4xx_HAL_Driver/Src/stm32f4xx_hal_flash_ramfunc.c" -mcpu=cortex-m4 -std=gnu11 -g3 -DDEBUG -DUSE_HAL_DRIVER -DSTM32F411xE -c -I../Core/Inc -I../Drivers/STM32F4xx_HAL_Driver/Inc -I../Drivers/STM32F4xx_HAL_Driver/Inc/Legacy -I../Drivers/CMSIS/Device/ST/STM32F4xx/Include -I../Drivers/CMSIS/Include -I../Middlewares/Third_Party/FreeRTOS/Source/include -I../Middlewares/Third_Party/FreeRTOS/Source/CMSIS_RTOS_V2 -I../Middlewares/Third_Party/FreeRTOS/Source/portable/GCC/ARM_CM4F -O0 -ffunction-sections -fdata-sections -Wall -fstack-usage -fcyclomatic-complexity -MMD -MP -MF"Drivers/STM32F4xx_HAL_Driver/Src/stm32f4xx_hal_flash_ramfunc.d" -MT"Drivers/STM32F4xx_HAL_Driver/Src/stm32f4xx_hal_flash_ramfunc.o" --specs=nano.specs -mfpu=fpv4-sp-d16 -mfloat-abi=hard -mthumb -o "Drivers/STM32F4xx_HAL_Driver/Src/stm32f4xx_hal_flash_ramfunc.o"
arm-none-eabi-gcc "../Drivers/STM32F4xx_HAL_Driver/Src/stm32f4xx_hal_gpio.c" -mcpu=cortex-m4 -std=gnu11 -g3 -DDEBUG -DUSE_HAL_DRIVER -DSTM32F411xE -c -I../Core/Inc -I../Drivers/STM32F4xx_HAL_Driver/Inc -I../Drivers/STM32F4xx_HAL_Driver/Inc/Legacy -I../Drivers/CMSIS/Device/ST/STM32F4xx/Include -I../Drivers/CMSIS/Include -I../Middlewares/Third_Party/FreeRTOS/Source/include -I../Middlewares/Third_Party/FreeRTOS/Source/CMSIS_RTOS_V2 -I../Middlewares/Third_Party/FreeRTOS/Source/portable/GCC/ARM_CM4F -O0 -ffunction-sections -fdata-sections -Wall -fstack-usage -fcyclomatic-complexity -MMD -MP -MF"Drivers/STM32F4xx_HAL_Driver/Src/stm32f4xx_hal_gpio.d" -MT"Drivers/STM32F4xx_HAL_Driver/Src/stm32f4xx_hal_gpio.o" --specs=nano.specs -mfpu=fpv4-sp-d16 -mfloat-abi=hard -mthumb -o "Drivers/STM32F4xx_HAL_Driver/Src/stm32f4xx_hal_gpio.o"
arm-none-eabi-gcc "../Drivers/STM32F4xx_HAL_Driver/Src/stm32f4xx_hal_pwr.c" -mcpu=cortex-m4 -std=gnu11 -g3 -DDEBUG -DUSE_HAL_DRIVER -DSTM32F411xE -c -I../Core/Inc -I../Drivers/STM32F4xx_HAL_Driver/Inc -I../Drivers/STM32F4xx_HAL_Driver/Inc/Legacy -I../Drivers/CMSIS/Device/ST/STM32F4xx/Include -I../Drivers/CMSIS/Include -I../Middlewares/Third_Party/FreeRTOS/Source/include -I../Middlewares/Third_Party/FreeRTOS/Source/CMSIS_RTOS_V2 -I../Middlewares/Third_Party/FreeRTOS/Source/portable/GCC/ARM_CM4F -O0 -ffunction-sections -fdata-sections -Wall -fstack-usage -fcyclomatic-complexity -MMD -MP -MF"Drivers/STM32F4xx_HAL_Driver/Src/stm32f4xx_hal_pwr.d" -MT"Drivers/STM32F4xx_HAL_Driver/Src/stm32f4xx_hal_pwr.o" --specs=nano.specs -mfpu=fpv4-sp-d16 -mfloat-abi=hard -mthumb -o "Drivers/STM32F4xx_HAL_Driver/Src/stm32f4xx_hal_pwr.o"
arm-none-eabi-gcc "../Drivers/STM32F4xx_HAL_Driver/Src/stm32f4xx_hal_pwr_ex.c" -mcpu=cortex-m4 -std=gnu11 -g3 -DDEBUG -DUSE_HAL_DRIVER -DSTM32F411xE -c -I../Core/Inc -I../Drivers/STM32F4xx_HAL_Driver/Inc -I../Drivers/STM32F4xx_HAL_Driver/Inc/Legacy -I../Drivers/CMSIS/Device/ST/STM32F4xx/Include -I../Drivers/CMSIS/Include -I../Middlewares/Third_Party/FreeRTOS/Source/include -I../Middlewares/Third_Party/FreeRTOS/Source/CMSIS_RTOS_V2 -I../Middlewares/Third_Party/FreeRTOS/Source/portable/GCC/ARM_CM4F -O0 -ffunction-sections -fdata-sections -Wall -fstack-usage -fcyclomatic-complexity -MMD -MP -MF"Drivers/STM32F4xx_HAL_Driver/Src/stm32f4xx_hal_pwr_ex.d" -MT"Drivers/STM32F4xx_HAL_Driver/Src/stm32f4xx_hal_pwr_ex.o" --specs=nano.specs -mfpu=fpv4-sp-d16 -mfloat-abi=hard -mthumb -o "Drivers/STM32F4xx_HAL_Driver/Src/stm32f4xx_hal_pwr_ex.o"
arm-none-eabi-gcc "../Drivers/STM32F4xx_HAL_Driver/Src/stm32f4xx_hal_rcc.c" -mcpu=cortex-m4 -std=gnu11 -g3 -DDEBUG -DUSE_HAL_DRIVER -DSTM32F411xE -c -I../Core/Inc -I../Drivers/STM32F4xx_HAL_Driver/Inc -I../Drivers/STM32F4xx_HAL_Driver/Inc/Legacy -I../Drivers/CMSIS/Device/ST/STM32F4xx/Include -I../Drivers/CMSIS/Include -I../Middlewares/Third_Party/FreeRTOS/Source/include -I../Middlewares/Third_Party/FreeRTOS/Source/CMSIS_RTOS_V2 -I../Middlewares/Third_Party/FreeRTOS/Source/portable/GCC/ARM_CM4F -O0 -ffunction-sections -fdata-sections -Wall -fstack-usage -fcyclomatic-complexity -MMD -MP -MF"Drivers/STM32F4xx_HAL_Driver/Src/stm32f4xx_hal_rcc.d" -MT"Drivers/STM32F4xx_HAL_Driver/Src/stm32f4xx_hal_rcc.o" --specs=nano.specs -mfpu=fpv4-sp-d16 -mfloat-abi=hard -mthumb -o "Drivers/STM32F4xx_HAL_Driver/Src/stm32f4xx_hal_rcc.o"
arm-none-eabi-gcc "../Drivers/STM32F4xx_HAL_Driver/Src/stm32f4xx_hal_rcc_ex.c" -mcpu=cortex-m4 -std=gnu11 -g3 -DDEBUG -DUSE_HAL_DRIVER -DSTM32F411xE -c -I../Core/Inc -I../Drivers/STM32F4xx_HAL_Driver/Inc -I../Drivers/STM32F4xx_HAL_Driver/Inc/Legacy -I../Drivers/CMSIS/Device/ST/STM32F4xx/Include -I../Drivers/CMSIS/Include -I../Middlewares/Third_Party/FreeRTOS/Source/include -I../Middlewares/Third_Party/FreeRTOS/Source/CMSIS_RTOS_V2 -I../Middlewares/Third_Party/FreeRTOS/Source/portable/GCC/ARM_CM4F -O0 -ffunction-sections -fdata-sections -Wall -fstack-usage -fcyclomatic-complexity -MMD -MP -MF"Drivers/STM32F4xx_HAL_Driver/Src/stm32f4xx_hal_rcc_ex.d" -MT"Drivers/STM32F4xx_HAL_Driver/Src/stm32f4xx_hal_rcc_ex.o" --specs=nano.specs -mfpu=fpv4-sp-d16 -mfloat-abi=hard -mthumb -o "Drivers/STM32F4xx_HAL_Driver/Src/stm32f4xx_hal_rcc_ex.o"
arm-none-eabi-gcc "../Drivers/STM32F4xx_HAL_Driver/Src/stm32f4xx_hal_tim.c" -mcpu=cortex-m4 -std=gnu11 -g3 -DDEBUG -DUSE_HAL_DRIVER -DSTM32F411xE -c -I../Core/Inc -I../Drivers/STM32F4xx_HAL_Driver/Inc -I../Drivers/STM32F4xx_HAL_Driver/Inc/Legacy -I../Drivers/CMSIS/Device/ST/STM32F4xx/Include -I../Drivers/CMSIS/Include -I../Middlewares/Third_Party/FreeRTOS/Source/include -I../Middlewares/Third_Party/FreeRTOS/Source/CMSIS_RTOS_V2 -I../Middlewares/Third_Party/FreeRTOS/Source/portable/GCC/ARM_CM4F -O0 -ffunction-sections -fdata-sections -Wall -fstack-usage -fcyclomatic-complexity -MMD -MP -MF"Drivers/STM32F4xx_HAL_Driver/Src/stm32f4xx_hal_tim.d" -MT"Drivers/STM32F4xx_HAL_Driver/Src/stm32f4xx_hal_tim.o" --specs=nano.specs -mfpu=fpv4-sp-d16 -mfloat-abi=hard -mthumb -o "Drivers/STM32F4xx_HAL_Driver/Src/stm32f4xx_hal_tim.o"
arm-none-eabi-gcc "../Drivers/STM32F4xx_HAL_Driver/Src/stm32f4xx_hal_tim_ex.c" -mcpu=cortex-m4 -std=gnu11 -g3 -DDEBUG -DUSE_HAL_DRIVER -DSTM32F411xE -c -I../Core/Inc -I../Drivers/STM32F4xx_HAL_Driver/Inc -I../Drivers/STM32F4xx_HAL_Driver/Inc/Legacy -I../Drivers/CMSIS/Device/ST/STM32F4xx/Include -I../Drivers/CMSIS/Include -I../Middlewares/Third_Party/FreeRTOS/Source/include -I../Middlewares/Third_Party/FreeRTOS/Source/CMSIS_RTOS_V2 -I../Middlewares/Third_Party/FreeRTOS/Source/portable/GCC/ARM_CM4F -O0 -ffunction-sections -fdata-sections -Wall -fstack-usage -fcyclomatic-complexity -MMD -MP -MF"Drivers/STM32F4xx_HAL_Driver/Src/stm32f4xx_hal_tim_ex.d" -MT"Drivers/STM32F4xx_HAL_Driver/Src/stm32f4xx_hal_tim_ex.o" --specs=nano.specs -mfpu=fpv4-sp-d16 -mfloat-abi=hard -mthumb -o "Drivers/STM32F4xx_HAL_Driver/Src/stm32f4xx_hal_tim_ex.o"
arm-none-eabi-gcc "../Drivers/STM32F4xx_HAL_Driver/Src/stm32f4xx_hal_uart.c" -mcpu=cortex-m4 -std=gnu11 -g3 -DDEBUG -DUSE_HAL_DRIVER -DSTM32F411xE -c -I../Core/Inc -I../Drivers/STM32F4xx_HAL_Driver/Inc -I../Drivers/STM32F4xx_HAL_Driver/Inc/Legacy -I../Drivers/CMSIS/Device/ST/STM32F4xx/Include -I../Drivers/CMSIS/Include -I../Middlewares/Third_Party/FreeRTOS/Source/include -I../Middlewares/Third_Party/FreeRTOS/Source/CMSIS_RTOS_V2 -I../Middlewares/Third_Party/FreeRTOS/Source/portable/GCC/ARM_CM4F -O0 -ffunction-sections -fdata-sections -Wall -fstack-usage -fcyclomatic-complexity -MMD -MP -MF"Drivers/STM32F4xx_HAL_Driver/Src/stm32f4xx_hal_uart.d" -MT"Drivers/STM32F4xx_HAL_Driver/Src/stm32f4xx_hal_uart.o" --specs=nano.specs -mfpu=fpv4-sp-d16 -mfloat-abi=hard -mthumb -o "Drivers/STM32F4xx_HAL_Driver/Src/stm32f4xx_hal_uart.o"
arm-none-eabi-gcc -mcpu=cortex-m4 -g3 -DDEBUG -c -x assembler-with-cpp -MMD -MP -MF"Core/Startup/startup_stm32f411retx.d" -MT"Core/Startup/startup_stm32f411retx.o" --specs=nano.specs -mfpu=fpv4-sp-d16 -mfloat-abi=hard -mthumb -o "Core/Startup/startup_stm32f411retx.o" "../Core/Startup/startup_stm32f411retx.s"
arm-none-eabi-gcc "../Core/Src/User/main_user.c" -mcpu=cortex-m4 -std=gnu11 -g3 -DDEBUG -DUSE_HAL_DRIVER -DSTM32F411xE -c -I../Core/Inc -I../Drivers/STM32F4xx_HAL_Driver/Inc -I../Drivers/STM32F4xx_HAL_Driver/Inc/Legacy -I../Drivers/CMSIS/Device/ST/STM32F4xx/Include -I../Drivers/CMSIS/Include -I../Middlewares/Third_Party/FreeRTOS/Source/include -I../Middlewares/Third_Party/FreeRTOS/Source/CMSIS_RTOS_V2 -I../Middlewares/Third_Party/FreeRTOS/Source/portable/GCC/ARM_CM4F -O0 -ffunction-sections -fdata-sections -Wall -fstack-usage -fcyclomatic-complexity -MMD -MP -MF"Core/Src/User/main_user.d" -MT"Core/Src/User/main_user.o" --specs=nano.specs -mfpu=fpv4-sp-d16 -mfloat-abi=hard -mthumb -o "Core/Src/User/main_user.o"
arm-none-eabi-gcc "../Core/Src/User/util.c" -mcpu=cortex-m4 -std=gnu11 -g3 -DDEBUG -DUSE_HAL_DRIVER -DSTM32F411xE -c -I../Core/Inc -I../Drivers/STM32F4xx_HAL_Driver/Inc -I../Drivers/STM32F4xx_HAL_Driver/Inc/Legacy -I../Drivers/CMSIS/Device/ST/STM32F4xx/Include -I../Drivers/CMSIS/Include -I../Middlewares/Third_Party/FreeRTOS/Source/include -I../Middlewares/Third_Party/FreeRTOS/Source/CMSIS_RTOS_V2 -I../Middlewares/Third_Party/FreeRTOS/Source/portable/GCC/ARM_CM4F -O0 -ffunction-sections -fdata-sections -Wall -fstack-usage -fcyclomatic-complexity -MMD -MP -MF"Core/Src/User/util.d" -MT"Core/Src/User/util.o" --specs=nano.specs -mfpu=fpv4-sp-d16 -mfloat-abi=hard -mthumb -o "Core/Src/User/util.o"
arm-none-eabi-gcc "../Core/Src/freertos.c" -mcpu=cortex-m4 -std=gnu11 -g3 -DDEBUG -DUSE_HAL_DRIVER -DSTM32F411xE -c -I../Core/Inc -I../Drivers/STM32F4xx_HAL_Driver/Inc -I../Drivers/STM32F4xx_HAL_Driver/Inc/Legacy -I../Drivers/CMSIS/Device/ST/STM32F4xx/Include -I../Drivers/CMSIS/Include -I../Middlewares/Third_Party/FreeRTOS/Source/include -I../Middlewares/Third_Party/FreeRTOS/Source/CMSIS_RTOS_V2 -I../Middlewares/Third_Party/FreeRTOS/Source/portable/GCC/ARM_CM4F -O0 -ffunction-sections -fdata-sections -Wall -fstack-usage -fcyclomatic-complexity -MMD -MP -MF"Core/Src/freertos.d" -MT"Core/Src/freertos.o" --specs=nano.specs -mfpu=fpv4-sp-d16 -mfloat-abi=hard -mthumb -o "Core/Src/freertos.o"
arm-none-eabi-gcc "../Core/Src/main.c" -mcpu=cortex-m4 -std=gnu11 -g3 -DDEBUG -DUSE_HAL_DRIVER -DSTM32F411xE -c -I../Core/Inc -I../Drivers/STM32F4xx_HAL_Driver/Inc -I../Drivers/STM32F4xx_HAL_Driver/Inc/Legacy -I../Drivers/CMSIS/Device/ST/STM32F4xx/Include -I../Drivers/CMSIS/Include -I../Middlewares/Third_Party/FreeRTOS/Source/include -I../Middlewares/Third_Party/FreeRTOS/Source/CMSIS_RTOS_V2 -I../Middlewares/Third_Party/FreeRTOS/Source/portable/GCC/ARM_CM4F -O0 -ffunction-sections -fdata-sections -Wall -fstack-usage -fcyclomatic-complexity -MMD -MP -MF"Core/Src/main.d" -MT"Core/Src/main.o" --specs=nano.specs -mfpu=fpv4-sp-d16 -mfloat-abi=hard -mthumb -o "Core/Src/main.o"
arm-none-eabi-gcc "../Core/Src/stm32f4xx_hal_msp.c" -mcpu=cortex-m4 -std=gnu11 -g3 -DDEBUG -DUSE_HAL_DRIVER -DSTM32F411xE -c -I../Core/Inc -I../Drivers/STM32F4xx_HAL_Driver/Inc -I../Drivers/STM32F4xx_HAL_Driver/Inc/Legacy -I../Drivers/CMSIS/Device/ST/STM32F4xx/Include -I../Drivers/CMSIS/Include -I../Middlewares/Third_Party/FreeRTOS/Source/include -I../Middlewares/Third_Party/FreeRTOS/Source/CMSIS_RTOS_V2 -I../Middlewares/Third_Party/FreeRTOS/Source/portable/GCC/ARM_CM4F -O0 -ffunction-sections -fdata-sections -Wall -fstack-usage -fcyclomatic-complexity -MMD -MP -MF"Core/Src/stm32f4xx_hal_msp.d" -MT"Core/Src/stm32f4xx_hal_msp.o" --specs=nano.specs -mfpu=fpv4-sp-d16 -mfloat-abi=hard -mthumb -o "Core/Src/stm32f4xx_hal_msp.o"
arm-none-eabi-gcc "../Core/Src/stm32f4xx_hal_timebase_tim.c" -mcpu=cortex-m4 -std=gnu11 -g3 -DDEBUG -DUSE_HAL_DRIVER -DSTM32F411xE -c -I../Core/Inc -I../Drivers/STM32F4xx_HAL_Driver/Inc -I../Drivers/STM32F4xx_HAL_Driver/Inc/Legacy -I../Drivers/CMSIS/Device/ST/STM32F4xx/Include -I../Drivers/CMSIS/Include -I../Middlewares/Third_Party/FreeRTOS/Source/include -I../Middlewares/Third_Party/FreeRTOS/Source/CMSIS_RTOS_V2 -I../Middlewares/Third_Party/FreeRTOS/Source/portable/GCC/ARM_CM4F -O0 -ffunction-sections -fdata-sections -Wall -fstack-usage -fcyclomatic-complexity -MMD -MP -MF"Core/Src/stm32f4xx_hal_timebase_tim.d" -MT"Core/Src/stm32f4xx_hal_timebase_tim.o" --specs=nano.specs -mfpu=fpv4-sp-d16 -mfloat-abi=hard -mthumb -o "Core/Src/stm32f4xx_hal_timebase_tim.o"
arm-none-eabi-gcc "../Core/Src/stm32f4xx_it.c" -mcpu=cortex-m4 -std=gnu11 -g3 -DDEBUG -DUSE_HAL_DRIVER -DSTM32F411xE -c -I../Core/Inc -I../Drivers/STM32F4xx_HAL_Driver/Inc -I../Drivers/STM32F4xx_HAL_Driver/Inc/Legacy -I../Drivers/CMSIS/Device/ST/STM32F4xx/Include -I../Drivers/CMSIS/Include -I../Middlewares/Third_Party/FreeRTOS/Source/include -I../Middlewares/Third_Party/FreeRTOS/Source/CMSIS_RTOS_V2 -I../Middlewares/Third_Party/FreeRTOS/Source/portable/GCC/ARM_CM4F -O0 -ffunction-sections -fdata-sections -Wall -fstack-usage -fcyclomatic-complexity -MMD -MP -MF"Core/Src/stm32f4xx_it.d" -MT"Core/Src/stm32f4xx_it.o" --specs=nano.specs -mfpu=fpv4-sp-d16 -mfloat-abi=hard -mthumb -o "Core/Src/stm32f4xx_it.o"
arm-none-eabi-gcc "../Core/Src/syscalls.c" -mcpu=cortex-m4 -std=gnu11 -g3 -DDEBUG -DUSE_HAL_DRIVER -DSTM32F411xE -c -I../Core/Inc -I../Drivers/STM32F4xx_HAL_Driver/Inc -I../Drivers/STM32F4xx_HAL_Driver/Inc/Legacy -I../Drivers/CMSIS/Device/ST/STM32F4xx/Include -I../Drivers/CMSIS/Include -I../Middlewares/Third_Party/FreeRTOS/Source/include -I../Middlewares/Third_Party/FreeRTOS/Source/CMSIS_RTOS_V2 -I../Middlewares/Third_Party/FreeRTOS/Source/portable/GCC/ARM_CM4F -O0 -ffunction-sections -fdata-sections -Wall -fstack-usage -fcyclomatic-complexity -MMD -MP -MF"Core/Src/syscalls.d" -MT"Core/Src/syscalls.o" --specs=nano.specs -mfpu=fpv4-sp-d16 -mfloat-abi=hard -mthumb -o "Core/Src/syscalls.o"
arm-none-eabi-gcc "../Core/Src/sysmem.c" -mcpu=cortex-m4 -std=gnu11 -g3 -DDEBUG -DUSE_HAL_DRIVER -DSTM32F411xE -c -I../Core/Inc -I../Drivers/STM32F4xx_HAL_Driver/Inc -I../Drivers/STM32F4xx_HAL_Driver/Inc/Legacy -I../Drivers/CMSIS/Device/ST/STM32F4xx/Include -I../Drivers/CMSIS/Include -I../Middlewares/Third_Party/FreeRTOS/Source/include -I../Middlewares/Third_Party/FreeRTOS/Source/CMSIS_RTOS_V2 -I../Middlewares/Third_Party/FreeRTOS/Source/portable/GCC/ARM_CM4F -O0 -ffunction-sections -fdata-sections -Wall -fstack-usage -fcyclomatic-complexity -MMD -MP -MF"Core/Src/sysmem.d" -MT"Core/Src/sysmem.o" --specs=nano.specs -mfpu=fpv4-sp-d16 -mfloat-abi=hard -mthumb -o "Core/Src/sysmem.o"
arm-none-eabi-gcc "../Core/Src/system_stm32f4xx.c" -mcpu=cortex-m4 -std=gnu11 -g3 -DDEBUG -DUSE_HAL_DRIVER -DSTM32F411xE -c -I../Core/Inc -I../Drivers/STM32F4xx_HAL_Driver/Inc -I../Drivers/STM32F4xx_HAL_Driver/Inc/Legacy -I../Drivers/CMSIS/Device/ST/STM32F4xx/Include -I../Drivers/CMSIS/Include -I../Middlewares/Third_Party/FreeRTOS/Source/include -I../Middlewares/Third_Party/FreeRTOS/Source/CMSIS_RTOS_V2 -I../Middlewares/Third_Party/FreeRTOS/Source/portable/GCC/ARM_CM4F -O0 -ffunction-sections -fdata-sections -Wall -fstack-usage -fcyclomatic-complexity -MMD -MP -MF"Core/Src/system_stm32f4xx.d" -MT"Core/Src/system_stm32f4xx.o" --specs=nano.specs -mfpu=fpv4-sp-d16 -mfloat-abi=hard -mthumb -o "Core/Src/system_stm32f4xx.o"
arm-none-eabi-gcc -o "ECED4402_2022.elf" @"objects.list"   -mcpu=cortex-m4 -T"D:\STM32CubeIDE\ECED4402 Lab2\ECED4402_2022\STM32F411RETX_FLASH.ld" --specs=nosys.specs -Wl,-Map="ECED4402_2022.map" -Wl,--gc-sections -static --specs=nano.specs -mfpu=fpv4-sp-d16 -mfloat-abi=hard -mthumb -Wl,--start-group -lc -lm -Wl,--end-group
Finished building target: ECED4402_2022.elf
 
arm-none-eabi-size   ECED4402_2022.elf 
arm-none-eabi-objdump -h -S  ECED4402_2022.elf  > "ECED4402_2022.list"
   text	   data	    bss	    dec	    hex	filename
  23868	    104	  20992	  44964	   afa4	ECED4402_2022.elf
Finished building: default.size.stdout
 
Finished building: ECED4402_2022.list
 
13:39:38 **** Incremental Build of configuration Debug for project ECED4402_2022 ****
make -j12 all 
arm-none-eabi-gcc "../Core/Src/User/main_user.c" -mcpu=cortex-m4 -std=gnu11 -g3 -DDEBUG -DUSE_HAL_DRIVER -DSTM32F411xE -c -I../Core/Inc -I../Drivers/STM32F4xx_HAL_Driver/Inc -I../Drivers/STM32F4xx_HAL_Driver/Inc/Legacy -I../Drivers/CMSIS/Device/ST/STM32F4xx/Include -I../Drivers/CMSIS/Include -I../Middlewares/Third_Party/FreeRTOS/Source/include -I../Middlewares/Third_Party/FreeRTOS/Source/CMSIS_RTOS_V2 -I../Middlewares/Third_Party/FreeRTOS/Source/portable/GCC/ARM_CM4F -O0 -ffunction-sections -fdata-sections -Wall -fstack-usage -fcyclomatic-complexity -MMD -MP -MF"Core/Src/User/main_user.d" -MT"Core/Src/User/main_user.o" --specs=nano.specs -mfpu=fpv4-sp-d16 -mfloat-abi=hard -mthumb -o "Core/Src/User/main_user.o"
../Core/Src/User/main_user.c: In function 'main_user':
../Core/Src/User/main_user.c:64:21: error: 'Task1' undeclared (first use in this function)
   64 |         xTaskCreate(Task1,"Task1", configMINIMAL_STACK_SIZE + 100, 0, tskIDLE_PRIORITY + 1, NULL);
      |                     ^~~~~
../Core/Src/User/main_user.c:64:21: note: each undeclared identifier is reported only once for each function it appears in
../Core/Src/User/main_user.c:65:68: warning: passing argument 4 of 'xTaskCreate' makes pointer from integer without a cast [-Wint-conversion]
   65 |         xTaskCreate(Task1,"Task1", configMINIMAL_STACK_SIZE + 100, 1, tskIDLE_PRIORITY + 1, NULL);
      |                                                                    ^
      |                                                                    |
      |                                                                    int
In file included from ../Core/Src/User/main_user.c:19:
../Middlewares/Third_Party/FreeRTOS/Source/include/task.h:333:70: note: expected 'void * const' but argument is of type 'int'
  333 |                                                         void * const pvParameters,
      |                                                         ~~~~~~~~~~~~~^~~~~~~~~~~~
At top level:
../Core/Src/User/main_user.c:49:13: warning: 'main_task' defined but not used [-Wunused-function]
   49 | static void main_task(void *param){
      |             ^~~~~~~~~
../Core/Src/User/main_user.c:29:13: warning: 'PrintStringTask' defined but not used [-Wunused-function]
   29 | static void PrintStringTask(void *params){
      |             ^~~~~~~~~~~~~~~
make: *** [Core/Src/User/subdir.mk:22: Core/Src/User/main_user.o] Error 1
"make -j12 all" terminated with exit code 2. Build might be incomplete.
13:40:58 **** Incremental Build of configuration Debug for project ECED4402_2022 ****
make -j12 all 
arm-none-eabi-gcc "../Core/Src/User/main_user.c" -mcpu=cortex-m4 -std=gnu11 -g3 -DDEBUG -DUSE_HAL_DRIVER -DSTM32F411xE -c -I../Core/Inc -I../Drivers/STM32F4xx_HAL_Driver/Inc -I../Drivers/STM32F4xx_HAL_Driver/Inc/Legacy -I../Drivers/CMSIS/Device/ST/STM32F4xx/Include -I../Drivers/CMSIS/Include -I../Middlewares/Third_Party/FreeRTOS/Source/include -I../Middlewares/Third_Party/FreeRTOS/Source/CMSIS_RTOS_V2 -I../Middlewares/Third_Party/FreeRTOS/Source/portable/GCC/ARM_CM4F -O0 -ffunction-sections -fdata-sections -Wall -fstack-usage -fcyclomatic-complexity -MMD -MP -MF"Core/Src/User/main_user.d" -MT"Core/Src/User/main_user.o" --specs=nano.specs -mfpu=fpv4-sp-d16 -mfloat-abi=hard -mthumb -o "Core/Src/User/main_user.o"
../Core/Src/User/main_user.c: In function 'main_user':
../Core/Src/User/main_user.c:65:78: warning: passing argument 4 of 'xTaskCreate' makes pointer from integer without a cast [-Wint-conversion]
   65 |         xTaskCreate(PrintStringTask,"Task2", configMINIMAL_STACK_SIZE + 100, 1, tskIDLE_PRIORITY + 1, NULL);
      |                                                                              ^
      |                                                                              |
      |                                                                              int
In file included from ../Core/Src/User/main_user.c:19:
../Middlewares/Third_Party/FreeRTOS/Source/include/task.h:333:70: note: expected 'void * const' but argument is of type 'int'
  333 |                                                         void * const pvParameters,
      |                                                         ~~~~~~~~~~~~~^~~~~~~~~~~~
At top level:
../Core/Src/User/main_user.c:49:13: warning: 'main_task' defined but not used [-Wunused-function]
   49 | static void main_task(void *param){
      |             ^~~~~~~~~
arm-none-eabi-gcc -o "ECED4402_2022.elf" @"objects.list"   -mcpu=cortex-m4 -T"D:\STM32CubeIDE\ECED4402 Lab2\ECED4402_2022\STM32F411RETX_FLASH.ld" --specs=nosys.specs -Wl,-Map="ECED4402_2022.map" -Wl,--gc-sections -static --specs=nano.specs -mfpu=fpv4-sp-d16 -mfloat-abi=hard -mthumb -Wl,--start-group -lc -lm -Wl,--end-group
Finished building target: ECED4402_2022.elf
 
arm-none-eabi-size   ECED4402_2022.elf 
arm-none-eabi-objdump -h -S  ECED4402_2022.elf  > "ECED4402_2022.list"
   text	   data	    bss	    dec	    hex	filename
  21492	    104	  20928	  42524	   a61c	ECED4402_2022.elf
Finished building: default.size.stdout
 
Finished building: ECED4402_2022.list
 
13:45:20 **** Incremental Build of configuration Debug for project ECED4402_2022 ****
make -j12 all 
arm-none-eabi-gcc "../Core/Src/User/main_user.c" -mcpu=cortex-m4 -std=gnu11 -g3 -DDEBUG -DUSE_HAL_DRIVER -DSTM32F411xE -c -I../Core/Inc -I../Drivers/STM32F4xx_HAL_Driver/Inc -I../Drivers/STM32F4xx_HAL_Driver/Inc/Legacy -I../Drivers/CMSIS/Device/ST/STM32F4xx/Include -I../Drivers/CMSIS/Include -I../Middlewares/Third_Party/FreeRTOS/Source/include -I../Middlewares/Third_Party/FreeRTOS/Source/CMSIS_RTOS_V2 -I../Middlewares/Third_Party/FreeRTOS/Source/portable/GCC/ARM_CM4F -O0 -ffunction-sections -fdata-sections -Wall -fstack-usage -fcyclomatic-complexity -MMD -MP -MF"Core/Src/User/main_user.d" -MT"Core/Src/User/main_user.o" --specs=nano.specs -mfpu=fpv4-sp-d16 -mfloat-abi=hard -mthumb -o "Core/Src/User/main_user.o"
../Core/Src/User/main_user.c:49:13: warning: 'main_task' defined but not used [-Wunused-function]
   49 | static void main_task(void *param){
      |             ^~~~~~~~~
arm-none-eabi-gcc -o "ECED4402_2022.elf" @"objects.list"   -mcpu=cortex-m4 -T"D:\STM32CubeIDE\ECED4402 Lab2\ECED4402_2022\STM32F411RETX_FLASH.ld" --specs=nosys.specs -Wl,-Map="ECED4402_2022.map" -Wl,--gc-sections -static --specs=nano.specs -mfpu=fpv4-sp-d16 -mfloat-abi=hard -mthumb -Wl,--start-group -lc -lm -Wl,--end-group
Finished building target: ECED4402_2022.elf
 
arm-none-eabi-size   ECED4402_2022.elf 
arm-none-eabi-objdump -h -S  ECED4402_2022.elf  > "ECED4402_2022.list"
   text	   data	    bss	    dec	    hex	filename
  21492	    104	  20928	  42524	   a61c	ECED4402_2022.elf
Finished building: default.size.stdout
 
Finished building: ECED4402_2022.list
 
13:53:15 **** Incremental Build of configuration Debug for project ECED4402_2022 ****
make -j12 all 
arm-none-eabi-gcc "../Core/Src/User/main_user.c" -mcpu=cortex-m4 -std=gnu11 -g3 -DDEBUG -DUSE_HAL_DRIVER -DSTM32F411xE -c -I../Core/Inc -I../Drivers/STM32F4xx_HAL_Driver/Inc -I../Drivers/STM32F4xx_HAL_Driver/Inc/Legacy -I../Drivers/CMSIS/Device/ST/STM32F4xx/Include -I../Drivers/CMSIS/Include -I../Middlewares/Third_Party/FreeRTOS/Source/include -I../Middlewares/Third_Party/FreeRTOS/Source/CMSIS_RTOS_V2 -I../Middlewares/Third_Party/FreeRTOS/Source/portable/GCC/ARM_CM4F -O0 -ffunction-sections -fdata-sections -Wall -fstack-usage -fcyclomatic-complexity -MMD -MP -MF"Core/Src/User/main_user.d" -MT"Core/Src/User/main_user.o" --specs=nano.specs -mfpu=fpv4-sp-d16 -mfloat-abi=hard -mthumb -o "Core/Src/User/main_user.o"
../Core/Src/User/main_user.c: In function 'PrintStringTask':
../Core/Src/User/main_user.c:31:20: warning: unknown escape sequence: '\d'
   31 |         printf("\d", type);
      |                    ^
../Core/Src/User/main_user.c:31:16: warning: too many arguments for format [-Wformat-extra-args]
   31 |         printf("\d", type);
      |                ^~~~
At top level:
../Core/Src/User/main_user.c:50:13: warning: 'main_task' defined but not used [-Wunused-function]
   50 | static void main_task(void *param){
      |             ^~~~~~~~~
arm-none-eabi-gcc -o "ECED4402_2022.elf" @"objects.list"   -mcpu=cortex-m4 -T"D:\STM32CubeIDE\ECED4402 Lab2\ECED4402_2022\STM32F411RETX_FLASH.ld" --specs=nosys.specs -Wl,-Map="ECED4402_2022.map" -Wl,--gc-sections -static --specs=nano.specs -mfpu=fpv4-sp-d16 -mfloat-abi=hard -mthumb -Wl,--start-group -lc -lm -Wl,--end-group
Finished building target: ECED4402_2022.elf
 
arm-none-eabi-size   ECED4402_2022.elf 
arm-none-eabi-objdump -h -S  ECED4402_2022.elf  > "ECED4402_2022.list"
   text	   data	    bss	    dec	    hex	filename
  25488	    116	  20940	  46544	   b5d0	ECED4402_2022.elf
Finished building: default.size.stdout
 
Finished building: ECED4402_2022.list
 
13:54:21 **** Incremental Build of configuration Debug for project ECED4402_2022 ****
make -j12 all 
arm-none-eabi-gcc "../Core/Src/User/main_user.c" -mcpu=cortex-m4 -std=gnu11 -g3 -DDEBUG -DUSE_HAL_DRIVER -DSTM32F411xE -c -I../Core/Inc -I../Drivers/STM32F4xx_HAL_Driver/Inc -I../Drivers/STM32F4xx_HAL_Driver/Inc/Legacy -I../Drivers/CMSIS/Device/ST/STM32F4xx/Include -I../Drivers/CMSIS/Include -I../Middlewares/Third_Party/FreeRTOS/Source/include -I../Middlewares/Third_Party/FreeRTOS/Source/CMSIS_RTOS_V2 -I../Middlewares/Third_Party/FreeRTOS/Source/portable/GCC/ARM_CM4F -O0 -ffunction-sections -fdata-sections -Wall -fstack-usage -fcyclomatic-complexity -MMD -MP -MF"Core/Src/User/main_user.d" -MT"Core/Src/User/main_user.o" --specs=nano.specs -mfpu=fpv4-sp-d16 -mfloat-abi=hard -mthumb -o "Core/Src/User/main_user.o"
../Core/Src/User/main_user.c: In function 'PrintStringTask':
../Core/Src/User/main_user.c:31:20: warning: unknown escape sequence: '\d'
   31 |         printf("\d", *type);
      |                    ^
../Core/Src/User/main_user.c:31:16: warning: too many arguments for format [-Wformat-extra-args]
   31 |         printf("\d", *type);
      |                ^~~~
At top level:
../Core/Src/User/main_user.c:50:13: warning: 'main_task' defined but not used [-Wunused-function]
   50 | static void main_task(void *param){
      |             ^~~~~~~~~
arm-none-eabi-gcc -o "ECED4402_2022.elf" @"objects.list"   -mcpu=cortex-m4 -T"D:\STM32CubeIDE\ECED4402 Lab2\ECED4402_2022\STM32F411RETX_FLASH.ld" --specs=nosys.specs -Wl,-Map="ECED4402_2022.map" -Wl,--gc-sections -static --specs=nano.specs -mfpu=fpv4-sp-d16 -mfloat-abi=hard -mthumb -Wl,--start-group -lc -lm -Wl,--end-group
Finished building target: ECED4402_2022.elf
 
arm-none-eabi-size   ECED4402_2022.elf 
arm-none-eabi-objdump -h -S  ECED4402_2022.elf  > "ECED4402_2022.list"
   text	   data	    bss	    dec	    hex	filename
  25488	    116	  20940	  46544	   b5d0	ECED4402_2022.elf
Finished building: default.size.stdout
 
Finished building: ECED4402_2022.list
 
13:55:53 **** Incremental Build of configuration Debug for project ECED4402_2022 ****
make -j12 all 
arm-none-eabi-gcc "../Core/Src/User/main_user.c" -mcpu=cortex-m4 -std=gnu11 -g3 -DDEBUG -DUSE_HAL_DRIVER -DSTM32F411xE -c -I../Core/Inc -I../Drivers/STM32F4xx_HAL_Driver/Inc -I../Drivers/STM32F4xx_HAL_Driver/Inc/Legacy -I../Drivers/CMSIS/Device/ST/STM32F4xx/Include -I../Drivers/CMSIS/Include -I../Middlewares/Third_Party/FreeRTOS/Source/include -I../Middlewares/Third_Party/FreeRTOS/Source/CMSIS_RTOS_V2 -I../Middlewares/Third_Party/FreeRTOS/Source/portable/GCC/ARM_CM4F -O0 -ffunction-sections -fdata-sections -Wall -fstack-usage -fcyclomatic-complexity -MMD -MP -MF"Core/Src/User/main_user.d" -MT"Core/Src/User/main_user.o" --specs=nano.specs -mfpu=fpv4-sp-d16 -mfloat-abi=hard -mthumb -o "Core/Src/User/main_user.o"
../Core/Src/User/main_user.c: In function 'main_user':
../Core/Src/User/main_user.c:64:13: warning: unused variable 'param1' [-Wunused-variable]
   64 |         int param1 = 1;
      |             ^~~~~~
../Core/Src/User/main_user.c:63:13: warning: unused variable 'param0' [-Wunused-variable]
   63 |         int param0 = 0;
      |             ^~~~~~
At top level:
../Core/Src/User/main_user.c:29:13: warning: 'PrintStringTask' defined but not used [-Wunused-function]
   29 | static void PrintStringTask(void *params){
      |             ^~~~~~~~~~~~~~~
arm-none-eabi-gcc -o "ECED4402_2022.elf" @"objects.list"   -mcpu=cortex-m4 -T"D:\STM32CubeIDE\ECED4402 Lab2\ECED4402_2022\STM32F411RETX_FLASH.ld" --specs=nosys.specs -Wl,-Map="ECED4402_2022.map" -Wl,--gc-sections -static --specs=nano.specs -mfpu=fpv4-sp-d16 -mfloat-abi=hard -mthumb -Wl,--start-group -lc -lm -Wl,--end-group
Finished building target: ECED4402_2022.elf
 
arm-none-eabi-size   ECED4402_2022.elf 
arm-none-eabi-objdump -h -S  ECED4402_2022.elf  > "ECED4402_2022.list"
   text	   data	    bss	    dec	    hex	filename
  23940	    104	  20992	  45036	   afec	ECED4402_2022.elf
Finished building: default.size.stdout
 
Finished building: ECED4402_2022.list
 
13:56:54 **** Incremental Build of configuration Debug for project ECED4402_2022 ****
make -j12 all 
arm-none-eabi-gcc "../Core/Src/User/main_user.c" -mcpu=cortex-m4 -std=gnu11 -g3 -DDEBUG -DUSE_HAL_DRIVER -DSTM32F411xE -c -I../Core/Inc -I../Drivers/STM32F4xx_HAL_Driver/Inc -I../Drivers/STM32F4xx_HAL_Driver/Inc/Legacy -I../Drivers/CMSIS/Device/ST/STM32F4xx/Include -I../Drivers/CMSIS/Include -I../Middlewares/Third_Party/FreeRTOS/Source/include -I../Middlewares/Third_Party/FreeRTOS/Source/CMSIS_RTOS_V2 -I../Middlewares/Third_Party/FreeRTOS/Source/portable/GCC/ARM_CM4F -O0 -ffunction-sections -fdata-sections -Wall -fstack-usage -fcyclomatic-complexity -MMD -MP -MF"Core/Src/User/main_user.d" -MT"Core/Src/User/main_user.o" --specs=nano.specs -mfpu=fpv4-sp-d16 -mfloat-abi=hard -mthumb -o "Core/Src/User/main_user.o"
../Core/Src/User/main_user.c: In function 'main_user':
../Core/Src/User/main_user.c:66:78: warning: passing argument 4 of 'xTaskCreate' makes pointer from integer without a cast [-Wint-conversion]
   66 |         xTaskCreate(PrintStringTask,"Task1", configMINIMAL_STACK_SIZE + 100, param0, tskIDLE_PRIORITY + 1, NULL);
      |                                                                              ^~~~~~
      |                                                                              |
      |                                                                              int
In file included from ../Core/Src/User/main_user.c:19:
../Middlewares/Third_Party/FreeRTOS/Source/include/task.h:333:70: note: expected 'void * const' but argument is of type 'int'
  333 |                                                         void * const pvParameters,
      |                                                         ~~~~~~~~~~~~~^~~~~~~~~~~~
../Core/Src/User/main_user.c:67:78: warning: passing argument 4 of 'xTaskCreate' makes pointer from integer without a cast [-Wint-conversion]
   67 |         xTaskCreate(PrintStringTask,"Task2", configMINIMAL_STACK_SIZE + 100, param1, tskIDLE_PRIORITY + 1, NULL);
      |                                                                              ^~~~~~
      |                                                                              |
      |                                                                              int
In file included from ../Core/Src/User/main_user.c:19:
../Middlewares/Third_Party/FreeRTOS/Source/include/task.h:333:70: note: expected 'void * const' but argument is of type 'int'
  333 |                                                         void * const pvParameters,
      |                                                         ~~~~~~~~~~~~~^~~~~~~~~~~~
At top level:
../Core/Src/User/main_user.c:49:13: warning: 'main_task' defined but not used [-Wunused-function]
   49 | static void main_task(void *param){
      |             ^~~~~~~~~
arm-none-eabi-gcc -o "ECED4402_2022.elf" @"objects.list"   -mcpu=cortex-m4 -T"D:\STM32CubeIDE\ECED4402 Lab2\ECED4402_2022\STM32F411RETX_FLASH.ld" --specs=nosys.specs -Wl,-Map="ECED4402_2022.map" -Wl,--gc-sections -static --specs=nano.specs -mfpu=fpv4-sp-d16 -mfloat-abi=hard -mthumb -Wl,--start-group -lc -lm -Wl,--end-group
Finished building target: ECED4402_2022.elf
 
arm-none-eabi-size   ECED4402_2022.elf 
arm-none-eabi-objdump -h -S  ECED4402_2022.elf  > "ECED4402_2022.list"
   text	   data	    bss	    dec	    hex	filename
  21492	    104	  20928	  42524	   a61c	ECED4402_2022.elf
Finished building: default.size.stdout
 
Finished building: ECED4402_2022.list
 
13:57:32 **** Incremental Build of configuration Debug for project ECED4402_2022 ****
make -j12 all 
arm-none-eabi-gcc "../Core/Src/User/main_user.c" -mcpu=cortex-m4 -std=gnu11 -g3 -DDEBUG -DUSE_HAL_DRIVER -DSTM32F411xE -c -I../Core/Inc -I../Drivers/STM32F4xx_HAL_Driver/Inc -I../Drivers/STM32F4xx_HAL_Driver/Inc/Legacy -I../Drivers/CMSIS/Device/ST/STM32F4xx/Include -I../Drivers/CMSIS/Include -I../Middlewares/Third_Party/FreeRTOS/Source/include -I../Middlewares/Third_Party/FreeRTOS/Source/CMSIS_RTOS_V2 -I../Middlewares/Third_Party/FreeRTOS/Source/portable/GCC/ARM_CM4F -O0 -ffunction-sections -fdata-sections -Wall -fstack-usage -fcyclomatic-complexity -MMD -MP -MF"Core/Src/User/main_user.d" -MT"Core/Src/User/main_user.o" --specs=nano.specs -mfpu=fpv4-sp-d16 -mfloat-abi=hard -mthumb -o "Core/Src/User/main_user.o"
../Core/Src/User/main_user.c: In function 'main_user':
../Core/Src/User/main_user.c:64:23: warning: initialization of 'int *' from 'int' makes pointer from integer without a cast [-Wint-conversion]
   64 |         int *param1 = 1;
      |                       ^
../Core/Src/User/main_user.c:66:78: warning: passing argument 4 of 'xTaskCreate' makes pointer from integer without a cast [-Wint-conversion]
   66 |         xTaskCreate(PrintStringTask,"Task1", configMINIMAL_STACK_SIZE + 100, *param0, tskIDLE_PRIORITY + 1, NULL);
      |                                                                              ^~~~~~~
      |                                                                              |
      |                                                                              int
In file included from ../Core/Src/User/main_user.c:19:
../Middlewares/Third_Party/FreeRTOS/Source/include/task.h:333:70: note: expected 'void * const' but argument is of type 'int'
  333 |                                                         void * const pvParameters,
      |                                                         ~~~~~~~~~~~~~^~~~~~~~~~~~
../Core/Src/User/main_user.c:67:78: warning: passing argument 4 of 'xTaskCreate' makes pointer from integer without a cast [-Wint-conversion]
   67 |         xTaskCreate(PrintStringTask,"Task2", configMINIMAL_STACK_SIZE + 100, *param1, tskIDLE_PRIORITY + 1, NULL);
      |                                                                              ^~~~~~~
      |                                                                              |
      |                                                                              int
In file included from ../Core/Src/User/main_user.c:19:
../Middlewares/Third_Party/FreeRTOS/Source/include/task.h:333:70: note: expected 'void * const' but argument is of type 'int'
  333 |                                                         void * const pvParameters,
      |                                                         ~~~~~~~~~~~~~^~~~~~~~~~~~
At top level:
../Core/Src/User/main_user.c:49:13: warning: 'main_task' defined but not used [-Wunused-function]
   49 | static void main_task(void *param){
      |             ^~~~~~~~~
arm-none-eabi-gcc -o "ECED4402_2022.elf" @"objects.list"   -mcpu=cortex-m4 -T"D:\STM32CubeIDE\ECED4402 Lab2\ECED4402_2022\STM32F411RETX_FLASH.ld" --specs=nosys.specs -Wl,-Map="ECED4402_2022.map" -Wl,--gc-sections -static --specs=nano.specs -mfpu=fpv4-sp-d16 -mfloat-abi=hard -mthumb -Wl,--start-group -lc -lm -Wl,--end-group
Finished building target: ECED4402_2022.elf
 
arm-none-eabi-size   ECED4402_2022.elf 
arm-none-eabi-objdump -h -S  ECED4402_2022.elf  > "ECED4402_2022.list"
   text	   data	    bss	    dec	    hex	filename
  21508	    104	  20928	  42540	   a62c	ECED4402_2022.elf
Finished building: default.size.stdout
 
Finished building: ECED4402_2022.list
 
13:59:13 **** Incremental Build of configuration Debug for project ECED4402_2022 ****
make -j12 all 
arm-none-eabi-gcc "../Core/Src/User/main_user.c" -mcpu=cortex-m4 -std=gnu11 -g3 -DDEBUG -DUSE_HAL_DRIVER -DSTM32F411xE -c -I../Core/Inc -I../Drivers/STM32F4xx_HAL_Driver/Inc -I../Drivers/STM32F4xx_HAL_Driver/Inc/Legacy -I../Drivers/CMSIS/Device/ST/STM32F4xx/Include -I../Drivers/CMSIS/Include -I../Middlewares/Third_Party/FreeRTOS/Source/include -I../Middlewares/Third_Party/FreeRTOS/Source/CMSIS_RTOS_V2 -I../Middlewares/Third_Party/FreeRTOS/Source/portable/GCC/ARM_CM4F -O0 -ffunction-sections -fdata-sections -Wall -fstack-usage -fcyclomatic-complexity -MMD -MP -MF"Core/Src/User/main_user.d" -MT"Core/Src/User/main_user.o" --specs=nano.specs -mfpu=fpv4-sp-d16 -mfloat-abi=hard -mthumb -o "Core/Src/User/main_user.o"
../Core/Src/User/main_user.c:49:13: warning: 'main_task' defined but not used [-Wunused-function]
   49 | static void main_task(void *param){
      |             ^~~~~~~~~
arm-none-eabi-gcc -o "ECED4402_2022.elf" @"objects.list"   -mcpu=cortex-m4 -T"D:\STM32CubeIDE\ECED4402 Lab2\ECED4402_2022\STM32F411RETX_FLASH.ld" --specs=nosys.specs -Wl,-Map="ECED4402_2022.map" -Wl,--gc-sections -static --specs=nano.specs -mfpu=fpv4-sp-d16 -mfloat-abi=hard -mthumb -Wl,--start-group -lc -lm -Wl,--end-group
Finished building target: ECED4402_2022.elf
 
arm-none-eabi-size   ECED4402_2022.elf 
arm-none-eabi-objdump -h -S  ECED4402_2022.elf  > "ECED4402_2022.list"
   text	   data	    bss	    dec	    hex	filename
  21492	    104	  20928	  42524	   a61c	ECED4402_2022.elf
Finished building: default.size.stdout
 
Finished building: ECED4402_2022.list
 
14:00:11 **** Incremental Build of configuration Debug for project ECED4402_2022 ****
make -j12 all 
arm-none-eabi-gcc "../Core/Src/User/main_user.c" -mcpu=cortex-m4 -std=gnu11 -g3 -DDEBUG -DUSE_HAL_DRIVER -DSTM32F411xE -c -I../Core/Inc -I../Drivers/STM32F4xx_HAL_Driver/Inc -I../Drivers/STM32F4xx_HAL_Driver/Inc/Legacy -I../Drivers/CMSIS/Device/ST/STM32F4xx/Include -I../Drivers/CMSIS/Include -I../Middlewares/Third_Party/FreeRTOS/Source/include -I../Middlewares/Third_Party/FreeRTOS/Source/CMSIS_RTOS_V2 -I../Middlewares/Third_Party/FreeRTOS/Source/portable/GCC/ARM_CM4F -O0 -ffunction-sections -fdata-sections -Wall -fstack-usage -fcyclomatic-complexity -MMD -MP -MF"Core/Src/User/main_user.d" -MT"Core/Src/User/main_user.o" --specs=nano.specs -mfpu=fpv4-sp-d16 -mfloat-abi=hard -mthumb -o "Core/Src/User/main_user.o"
arm-none-eabi-gcc -o "ECED4402_2022.elf" @"objects.list"   -mcpu=cortex-m4 -T"D:\STM32CubeIDE\ECED4402 Lab2\ECED4402_2022\STM32F411RETX_FLASH.ld" --specs=nosys.specs -Wl,-Map="ECED4402_2022.map" -Wl,--gc-sections -static --specs=nano.specs -mfpu=fpv4-sp-d16 -mfloat-abi=hard -mthumb -Wl,--start-group -lc -lm -Wl,--end-group
Finished building target: ECED4402_2022.elf
 
arm-none-eabi-size   ECED4402_2022.elf 
arm-none-eabi-objdump -h -S  ECED4402_2022.elf  > "ECED4402_2022.list"
   text	   data	    bss	    dec	    hex	filename
  24116	    104	  20992	  45212	   b09c	ECED4402_2022.elf
Finished building: default.size.stdout
 
Finished building: ECED4402_2022.list
 
14:10:15 **** Incremental Build of configuration Debug for project ECED4402_2022 ****
make -j12 all 
arm-none-eabi-gcc "../Core/Src/User/main_user.c" -mcpu=cortex-m4 -std=gnu11 -g3 -DDEBUG -DUSE_HAL_DRIVER -DSTM32F411xE -c -I../Core/Inc -I../Drivers/STM32F4xx_HAL_Driver/Inc -I../Drivers/STM32F4xx_HAL_Driver/Inc/Legacy -I../Drivers/CMSIS/Device/ST/STM32F4xx/Include -I../Drivers/CMSIS/Include -I../Middlewares/Third_Party/FreeRTOS/Source/include -I../Middlewares/Third_Party/FreeRTOS/Source/CMSIS_RTOS_V2 -I../Middlewares/Third_Party/FreeRTOS/Source/portable/GCC/ARM_CM4F -O0 -ffunction-sections -fdata-sections -Wall -fstack-usage -fcyclomatic-complexity -MMD -MP -MF"Core/Src/User/main_user.d" -MT"Core/Src/User/main_user.o" --specs=nano.specs -mfpu=fpv4-sp-d16 -mfloat-abi=hard -mthumb -o "Core/Src/User/main_user.o"
arm-none-eabi-gcc -o "ECED4402_2022.elf" @"objects.list"   -mcpu=cortex-m4 -T"D:\STM32CubeIDE\ECED4402 Lab2\ECED4402_2022\STM32F411RETX_FLASH.ld" --specs=nosys.specs -Wl,-Map="ECED4402_2022.map" -Wl,--gc-sections -static --specs=nano.specs -mfpu=fpv4-sp-d16 -mfloat-abi=hard -mthumb -Wl,--start-group -lc -lm -Wl,--end-group
Finished building target: ECED4402_2022.elf
 
arm-none-eabi-size   ECED4402_2022.elf 
arm-none-eabi-objdump -h -S  ECED4402_2022.elf  > "ECED4402_2022.list"
   text	   data	    bss	    dec	    hex	filename
  21432	    104	  20928	  42464	   a5e0	ECED4402_2022.elf
Finished building: default.size.stdout
 
Finished building: ECED4402_2022.list
 
14:23:06 **** Incremental Build of configuration Debug for project ECED4402_2022 ****
make -j12 all 
arm-none-eabi-size   ECED4402_2022.elf 
   text	   data	    bss	    dec	    hex	filename
  21432	    104	  20928	  42464	   a5e0	ECED4402_2022.elf
Finished building: default.size.stdout
 
14:24:43 **** Incremental Build of configuration Debug for project ECED4402_2022 ****
make -j12 all 
arm-none-eabi-size   ECED4402_2022.elf 
   text	   data	    bss	    dec	    hex	filename
  21432	    104	  20928	  42464	   a5e0	ECED4402_2022.elf
Finished building: default.size.stdout
 
14:25:02 **** Incremental Build of configuration Debug for project ECED4402_2022 ****
make -j12 all 
arm-none-eabi-size   ECED4402_2022.elf 
   text	   data	    bss	    dec	    hex	filename
  21432	    104	  20928	  42464	   a5e0	ECED4402_2022.elf
Finished building: default.size.stdout
 
14:27:35 **** Incremental Build of configuration Debug for project ECED4402_2022 ****
make -j12 all 
arm-none-eabi-gcc "../Core/Src/User/main_user.c" -mcpu=cortex-m4 -std=gnu11 -g3 -DDEBUG -DUSE_HAL_DRIVER -DSTM32F411xE -c -I../Core/Inc -I../Drivers/STM32F4xx_HAL_Driver/Inc -I../Drivers/STM32F4xx_HAL_Driver/Inc/Legacy -I../Drivers/CMSIS/Device/ST/STM32F4xx/Include -I../Drivers/CMSIS/Include -I../Middlewares/Third_Party/FreeRTOS/Source/include -I../Middlewares/Third_Party/FreeRTOS/Source/CMSIS_RTOS_V2 -I../Middlewares/Third_Party/FreeRTOS/Source/portable/GCC/ARM_CM4F -O0 -ffunction-sections -fdata-sections -Wall -fstack-usage -fcyclomatic-complexity -MMD -MP -MF"Core/Src/User/main_user.d" -MT"Core/Src/User/main_user.o" --specs=nano.specs -mfpu=fpv4-sp-d16 -mfloat-abi=hard -mthumb -o "Core/Src/User/main_user.o"
arm-none-eabi-gcc -o "ECED4402_2022.elf" @"objects.list"   -mcpu=cortex-m4 -T"D:\STM32CubeIDE\ECED4402 Lab2\ECED4402_2022\STM32F411RETX_FLASH.ld" --specs=nosys.specs -Wl,-Map="ECED4402_2022.map" -Wl,--gc-sections -static --specs=nano.specs -mfpu=fpv4-sp-d16 -mfloat-abi=hard -mthumb -Wl,--start-group -lc -lm -Wl,--end-group
Finished building target: ECED4402_2022.elf
 
arm-none-eabi-size   ECED4402_2022.elf 
arm-none-eabi-objdump -h -S  ECED4402_2022.elf  > "ECED4402_2022.list"
   text	   data	    bss	    dec	    hex	filename
  21432	    108	  20932	  42472	   a5e8	ECED4402_2022.elf
Finished building: default.size.stdout
 
Finished building: ECED4402_2022.list
 
14:28:55 **** Incremental Build of configuration Debug for project ECED4402_2022 ****
make -j12 all 
arm-none-eabi-gcc "../Core/Src/User/main_user.c" -mcpu=cortex-m4 -std=gnu11 -g3 -DDEBUG -DUSE_HAL_DRIVER -DSTM32F411xE -c -I../Core/Inc -I../Drivers/STM32F4xx_HAL_Driver/Inc -I../Drivers/STM32F4xx_HAL_Driver/Inc/Legacy -I../Drivers/CMSIS/Device/ST/STM32F4xx/Include -I../Drivers/CMSIS/Include -I../Middlewares/Third_Party/FreeRTOS/Source/include -I../Middlewares/Third_Party/FreeRTOS/Source/CMSIS_RTOS_V2 -I../Middlewares/Third_Party/FreeRTOS/Source/portable/GCC/ARM_CM4F -O0 -ffunction-sections -fdata-sections -Wall -fstack-usage -fcyclomatic-complexity -MMD -MP -MF"Core/Src/User/main_user.d" -MT"Core/Src/User/main_user.o" --specs=nano.specs -mfpu=fpv4-sp-d16 -mfloat-abi=hard -mthumb -o "Core/Src/User/main_user.o"
../Core/Src/User/main_user.c: In function 'main_user':
../Core/Src/User/main_user.c:56:14: error: two or more data types in declaration specifiers
   56 |         void int param0 = 0;
      |              ^~~
../Core/Src/User/main_user.c:56:18: error: variable or field 'param0' declared void
   56 |         void int param0 = 0;
      |                  ^~~~~~
../Core/Src/User/main_user.c:57:14: error: two or more data types in declaration specifiers
   57 |         void int param1 = 1;
      |              ^~~
../Core/Src/User/main_user.c:57:18: error: variable or field 'param1' declared void
   57 |         void int param1 = 1;
      |                  ^~~~~~
make: *** [Core/Src/User/subdir.mk:22: Core/Src/User/main_user.o] Error 1
"make -j12 all" terminated with exit code 2. Build might be incomplete.
14:29:42 **** Incremental Build of configuration Debug for project ECED4402_2022 ****
make -j12 all 
arm-none-eabi-gcc "../Core/Src/User/main_user.c" -mcpu=cortex-m4 -std=gnu11 -g3 -DDEBUG -DUSE_HAL_DRIVER -DSTM32F411xE -c -I../Core/Inc -I../Drivers/STM32F4xx_HAL_Driver/Inc -I../Drivers/STM32F4xx_HAL_Driver/Inc/Legacy -I../Drivers/CMSIS/Device/ST/STM32F4xx/Include -I../Drivers/CMSIS/Include -I../Middlewares/Third_Party/FreeRTOS/Source/include -I../Middlewares/Third_Party/FreeRTOS/Source/CMSIS_RTOS_V2 -I../Middlewares/Third_Party/FreeRTOS/Source/portable/GCC/ARM_CM4F -O0 -ffunction-sections -fdata-sections -Wall -fstack-usage -fcyclomatic-complexity -MMD -MP -MF"Core/Src/User/main_user.d" -MT"Core/Src/User/main_user.o" --specs=nano.specs -mfpu=fpv4-sp-d16 -mfloat-abi=hard -mthumb -o "Core/Src/User/main_user.o"
../Core/Src/User/main_user.c: In function 'main_user':
../Core/Src/User/main_user.c:58:78: error: expected expression before 'void'
   58 |         xTaskCreate(PrintStringTask,"Task1", configMINIMAL_STACK_SIZE + 100, void &param0, tskIDLE_PRIORITY + 1, NULL);
      |                                                                              ^~~~
../Core/Src/User/main_user.c:58:9: error: too few arguments to function 'xTaskCreate'
   58 |         xTaskCreate(PrintStringTask,"Task1", configMINIMAL_STACK_SIZE + 100, void &param0, tskIDLE_PRIORITY + 1, NULL);
      |         ^~~~~~~~~~~
In file included from ../Core/Src/User/main_user.c:19:
../Middlewares/Third_Party/FreeRTOS/Source/include/task.h:330:20: note: declared here
  330 |         BaseType_t xTaskCreate( TaskFunction_t pxTaskCode,
      |                    ^~~~~~~~~~~
../Core/Src/User/main_user.c:59:79: error: expected expression before 'void'
   59 |         xTaskCreate(PrintStringTask,"Task2", configMINIMAL_STACK_SIZE + 100,  void &param1, tskIDLE_PRIORITY + 1, NULL);
      |                                                                               ^~~~
../Core/Src/User/main_user.c:59:9: error: too few arguments to function 'xTaskCreate'
   59 |         xTaskCreate(PrintStringTask,"Task2", configMINIMAL_STACK_SIZE + 100,  void &param1, tskIDLE_PRIORITY + 1, NULL);
      |         ^~~~~~~~~~~
In file included from ../Core/Src/User/main_user.c:19:
../Middlewares/Third_Party/FreeRTOS/Source/include/task.h:330:20: note: declared here
  330 |         BaseType_t xTaskCreate( TaskFunction_t pxTaskCode,
      |                    ^~~~~~~~~~~
../Core/Src/User/main_user.c:57:13: warning: unused variable 'param1' [-Wunused-variable]
   57 |         int param1 = 1;
      |             ^~~~~~
../Core/Src/User/main_user.c:56:13: warning: unused variable 'param0' [-Wunused-variable]
   56 |         int param0 = 0;
      |             ^~~~~~
make: *** [Core/Src/User/subdir.mk:22: Core/Src/User/main_user.o] Error 1
"make -j12 all" terminated with exit code 2. Build might be incomplete.
14:30:05 **** Incremental Build of configuration Debug for project ECED4402_2022 ****
make -j12 all 
arm-none-eabi-gcc "../Core/Src/User/main_user.c" -mcpu=cortex-m4 -std=gnu11 -g3 -DDEBUG -DUSE_HAL_DRIVER -DSTM32F411xE -c -I../Core/Inc -I../Drivers/STM32F4xx_HAL_Driver/Inc -I../Drivers/STM32F4xx_HAL_Driver/Inc/Legacy -I../Drivers/CMSIS/Device/ST/STM32F4xx/Include -I../Drivers/CMSIS/Include -I../Middlewares/Third_Party/FreeRTOS/Source/include -I../Middlewares/Third_Party/FreeRTOS/Source/CMSIS_RTOS_V2 -I../Middlewares/Third_Party/FreeRTOS/Source/portable/GCC/ARM_CM4F -O0 -ffunction-sections -fdata-sections -Wall -fstack-usage -fcyclomatic-complexity -MMD -MP -MF"Core/Src/User/main_user.d" -MT"Core/Src/User/main_user.o" --specs=nano.specs -mfpu=fpv4-sp-d16 -mfloat-abi=hard -mthumb -o "Core/Src/User/main_user.o"
../Core/Src/User/main_user.c: In function 'main_user':
../Core/Src/User/main_user.c:56:16: warning: type defaults to 'int' in declaration of 'param0' [-Wimplicit-int]
   56 |         static param0 = 0;
      |                ^~~~~~
../Core/Src/User/main_user.c:57:16: warning: type defaults to 'int' in declaration of 'param1' [-Wimplicit-int]
   57 |         static param1 = 1;
      |                ^~~~~~
arm-none-eabi-gcc -o "ECED4402_2022.elf" @"objects.list"   -mcpu=cortex-m4 -T"D:\STM32CubeIDE\ECED4402 Lab2\ECED4402_2022\STM32F411RETX_FLASH.ld" --specs=nosys.specs -Wl,-Map="ECED4402_2022.map" -Wl,--gc-sections -static --specs=nano.specs -mfpu=fpv4-sp-d16 -mfloat-abi=hard -mthumb -Wl,--start-group -lc -lm -Wl,--end-group
Finished building target: ECED4402_2022.elf
 
arm-none-eabi-size   ECED4402_2022.elf 
arm-none-eabi-objdump -h -S  ECED4402_2022.elf  > "ECED4402_2022.list"
   text	   data	    bss	    dec	    hex	filename
  21432	    108	  20932	  42472	   a5e8	ECED4402_2022.elf
Finished building: default.size.stdout
 
Finished building: ECED4402_2022.list
 
14:33:20 **** Incremental Build of configuration Debug for project ECED4402_2022 ****
make -j12 all 
arm-none-eabi-gcc "../Core/Src/User/main_user.c" -mcpu=cortex-m4 -std=gnu11 -g3 -DDEBUG -DUSE_HAL_DRIVER -DSTM32F411xE -c -I../Core/Inc -I../Drivers/STM32F4xx_HAL_Driver/Inc -I../Drivers/STM32F4xx_HAL_Driver/Inc/Legacy -I../Drivers/CMSIS/Device/ST/STM32F4xx/Include -I../Drivers/CMSIS/Include -I../Middlewares/Third_Party/FreeRTOS/Source/include -I../Middlewares/Third_Party/FreeRTOS/Source/CMSIS_RTOS_V2 -I../Middlewares/Third_Party/FreeRTOS/Source/portable/GCC/ARM_CM4F -O0 -ffunction-sections -fdata-sections -Wall -fstack-usage -fcyclomatic-complexity -MMD -MP -MF"Core/Src/User/main_user.d" -MT"Core/Src/User/main_user.o" --specs=nano.specs -mfpu=fpv4-sp-d16 -mfloat-abi=hard -mthumb -o "Core/Src/User/main_user.o"
arm-none-eabi-gcc -o "ECED4402_2022.elf" @"objects.list"   -mcpu=cortex-m4 -T"D:\STM32CubeIDE\ECED4402 Lab2\ECED4402_2022\STM32F411RETX_FLASH.ld" --specs=nosys.specs -Wl,-Map="ECED4402_2022.map" -Wl,--gc-sections -static --specs=nano.specs -mfpu=fpv4-sp-d16 -mfloat-abi=hard -mthumb -Wl,--start-group -lc -lm -Wl,--end-group
Finished building target: ECED4402_2022.elf
 
arm-none-eabi-size   ECED4402_2022.elf 
arm-none-eabi-objdump -h -S  ECED4402_2022.elf  > "ECED4402_2022.list"
   text	   data	    bss	    dec	    hex	filename
  21432	    108	  20932	  42472	   a5e8	ECED4402_2022.elf
Finished building: default.size.stdout
 
Finished building: ECED4402_2022.list
 
14:38:13 **** Incremental Build of configuration Debug for project ECED4402_2022 ****
make -j12 all 
arm-none-eabi-gcc "../Core/Src/User/main_user.c" -mcpu=cortex-m4 -std=gnu11 -g3 -DDEBUG -DUSE_HAL_DRIVER -DSTM32F411xE -c -I../Core/Inc -I../Drivers/STM32F4xx_HAL_Driver/Inc -I../Drivers/STM32F4xx_HAL_Driver/Inc/Legacy -I../Drivers/CMSIS/Device/ST/STM32F4xx/Include -I../Drivers/CMSIS/Include -I../Middlewares/Third_Party/FreeRTOS/Source/include -I../Middlewares/Third_Party/FreeRTOS/Source/CMSIS_RTOS_V2 -I../Middlewares/Third_Party/FreeRTOS/Source/portable/GCC/ARM_CM4F -O0 -ffunction-sections -fdata-sections -Wall -fstack-usage -fcyclomatic-complexity -MMD -MP -MF"Core/Src/User/main_user.d" -MT"Core/Src/User/main_user.o" --specs=nano.specs -mfpu=fpv4-sp-d16 -mfloat-abi=hard -mthumb -o "Core/Src/User/main_user.o"
arm-none-eabi-gcc -o "ECED4402_2022.elf" @"objects.list"   -mcpu=cortex-m4 -T"D:\STM32CubeIDE\ECED4402 Lab2\ECED4402_2022\STM32F411RETX_FLASH.ld" --specs=nosys.specs -Wl,-Map="ECED4402_2022.map" -Wl,--gc-sections -static --specs=nano.specs -mfpu=fpv4-sp-d16 -mfloat-abi=hard -mthumb -Wl,--start-group -lc -lm -Wl,--end-group
Finished building target: ECED4402_2022.elf
 
arm-none-eabi-size   ECED4402_2022.elf 
arm-none-eabi-objdump -h -S  ECED4402_2022.elf  > "ECED4402_2022.list"
   text	   data	    bss	    dec	    hex	filename
  21448	    108	  20932	  42488	   a5f8	ECED4402_2022.elf
Finished building: default.size.stdout
 
Finished building: ECED4402_2022.list
 
14:44:57 **** Incremental Build of configuration Debug for project ECED4402_2022 ****
make -j12 all 
arm-none-eabi-gcc "../Core/Src/User/main_user.c" -mcpu=cortex-m4 -std=gnu11 -g3 -DDEBUG -DUSE_HAL_DRIVER -DSTM32F411xE -c -I../Core/Inc -I../Drivers/STM32F4xx_HAL_Driver/Inc -I../Drivers/STM32F4xx_HAL_Driver/Inc/Legacy -I../Drivers/CMSIS/Device/ST/STM32F4xx/Include -I../Drivers/CMSIS/Include -I../Middlewares/Third_Party/FreeRTOS/Source/include -I../Middlewares/Third_Party/FreeRTOS/Source/CMSIS_RTOS_V2 -I../Middlewares/Third_Party/FreeRTOS/Source/portable/GCC/ARM_CM4F -O0 -ffunction-sections -fdata-sections -Wall -fstack-usage -fcyclomatic-complexity -MMD -MP -MF"Core/Src/User/main_user.d" -MT"Core/Src/User/main_user.o" --specs=nano.specs -mfpu=fpv4-sp-d16 -mfloat-abi=hard -mthumb -o "Core/Src/User/main_user.o"
arm-none-eabi-gcc -o "ECED4402_2022.elf" @"objects.list"   -mcpu=cortex-m4 -T"D:\STM32CubeIDE\ECED4402 Lab2\ECED4402_2022\STM32F411RETX_FLASH.ld" --specs=nosys.specs -Wl,-Map="ECED4402_2022.map" -Wl,--gc-sections -static --specs=nano.specs -mfpu=fpv4-sp-d16 -mfloat-abi=hard -mthumb -Wl,--start-group -lc -lm -Wl,--end-group
Finished building target: ECED4402_2022.elf
 
arm-none-eabi-size   ECED4402_2022.elf 
arm-none-eabi-objdump -h -S  ECED4402_2022.elf  > "ECED4402_2022.list"
   text	   data	    bss	    dec	    hex	filename
  21432	    108	  20932	  42472	   a5e8	ECED4402_2022.elf
Finished building: default.size.stdout
 
Finished building: ECED4402_2022.list
 
14:48:25 **** Incremental Build of configuration Debug for project ECED4402_2022 ****
make -j12 all 
arm-none-eabi-gcc "../Core/Src/User/main_user.c" -mcpu=cortex-m4 -std=gnu11 -g3 -DDEBUG -DUSE_HAL_DRIVER -DSTM32F411xE -c -I../Core/Inc -I../Drivers/STM32F4xx_HAL_Driver/Inc -I../Drivers/STM32F4xx_HAL_Driver/Inc/Legacy -I../Drivers/CMSIS/Device/ST/STM32F4xx/Include -I../Drivers/CMSIS/Include -I../Middlewares/Third_Party/FreeRTOS/Source/include -I../Middlewares/Third_Party/FreeRTOS/Source/CMSIS_RTOS_V2 -I../Middlewares/Third_Party/FreeRTOS/Source/portable/GCC/ARM_CM4F -O0 -ffunction-sections -fdata-sections -Wall -fstack-usage -fcyclomatic-complexity -MMD -MP -MF"Core/Src/User/main_user.d" -MT"Core/Src/User/main_user.o" --specs=nano.specs -mfpu=fpv4-sp-d16 -mfloat-abi=hard -mthumb -o "Core/Src/User/main_user.o"
arm-none-eabi-gcc -o "ECED4402_2022.elf" @"objects.list"   -mcpu=cortex-m4 -T"D:\STM32CubeIDE\ECED4402 Lab2\ECED4402_2022\STM32F411RETX_FLASH.ld" --specs=nosys.specs -Wl,-Map="ECED4402_2022.map" -Wl,--gc-sections -static --specs=nano.specs -mfpu=fpv4-sp-d16 -mfloat-abi=hard -mthumb -Wl,--start-group -lc -lm -Wl,--end-group
Finished building target: ECED4402_2022.elf
 
arm-none-eabi-size   ECED4402_2022.elf 
arm-none-eabi-objdump -h -S  ECED4402_2022.elf  > "ECED4402_2022.list"
   text	   data	    bss	    dec	    hex	filename
  21432	    108	  20932	  42472	   a5e8	ECED4402_2022.elf
Finished building: default.size.stdout
 
Finished building: ECED4402_2022.list
 
14:49:04 **** Incremental Build of configuration Debug for project ECED4402_2022 ****
make -j12 all 
arm-none-eabi-gcc "../Core/Src/User/main_user.c" -mcpu=cortex-m4 -std=gnu11 -g3 -DDEBUG -DUSE_HAL_DRIVER -DSTM32F411xE -c -I../Core/Inc -I../Drivers/STM32F4xx_HAL_Driver/Inc -I../Drivers/STM32F4xx_HAL_Driver/Inc/Legacy -I../Drivers/CMSIS/Device/ST/STM32F4xx/Include -I../Drivers/CMSIS/Include -I../Middlewares/Third_Party/FreeRTOS/Source/include -I../Middlewares/Third_Party/FreeRTOS/Source/CMSIS_RTOS_V2 -I../Middlewares/Third_Party/FreeRTOS/Source/portable/GCC/ARM_CM4F -O0 -ffunction-sections -fdata-sections -Wall -fstack-usage -fcyclomatic-complexity -MMD -MP -MF"Core/Src/User/main_user.d" -MT"Core/Src/User/main_user.o" --specs=nano.specs -mfpu=fpv4-sp-d16 -mfloat-abi=hard -mthumb -o "Core/Src/User/main_user.o"
arm-none-eabi-gcc -o "ECED4402_2022.elf" @"objects.list"   -mcpu=cortex-m4 -T"D:\STM32CubeIDE\ECED4402 Lab2\ECED4402_2022\STM32F411RETX_FLASH.ld" --specs=nosys.specs -Wl,-Map="ECED4402_2022.map" -Wl,--gc-sections -static --specs=nano.specs -mfpu=fpv4-sp-d16 -mfloat-abi=hard -mthumb -Wl,--start-group -lc -lm -Wl,--end-group
Finished building target: ECED4402_2022.elf
 
arm-none-eabi-size   ECED4402_2022.elf 
arm-none-eabi-objdump -h -S  ECED4402_2022.elf  > "ECED4402_2022.list"
   text	   data	    bss	    dec	    hex	filename
  21432	    108	  20932	  42472	   a5e8	ECED4402_2022.elf
Finished building: default.size.stdout
 
Finished building: ECED4402_2022.list
 
14:55:46 **** Incremental Build of configuration Debug for project ECED4402_2022 ****
make -j12 all 
arm-none-eabi-gcc "../Core/Src/User/main_user.c" -mcpu=cortex-m4 -std=gnu11 -g3 -DDEBUG -DUSE_HAL_DRIVER -DSTM32F411xE -c -I../Core/Inc -I../Drivers/STM32F4xx_HAL_Driver/Inc -I../Drivers/STM32F4xx_HAL_Driver/Inc/Legacy -I../Drivers/CMSIS/Device/ST/STM32F4xx/Include -I../Drivers/CMSIS/Include -I../Middlewares/Third_Party/FreeRTOS/Source/include -I../Middlewares/Third_Party/FreeRTOS/Source/CMSIS_RTOS_V2 -I../Middlewares/Third_Party/FreeRTOS/Source/portable/GCC/ARM_CM4F -O0 -ffunction-sections -fdata-sections -Wall -fstack-usage -fcyclomatic-complexity -MMD -MP -MF"Core/Src/User/main_user.d" -MT"Core/Src/User/main_user.o" --specs=nano.specs -mfpu=fpv4-sp-d16 -mfloat-abi=hard -mthumb -o "Core/Src/User/main_user.o"
arm-none-eabi-gcc -o "ECED4402_2022.elf" @"objects.list"   -mcpu=cortex-m4 -T"D:\STM32CubeIDE\ECED4402 Lab2\ECED4402_2022\STM32F411RETX_FLASH.ld" --specs=nosys.specs -Wl,-Map="ECED4402_2022.map" -Wl,--gc-sections -static --specs=nano.specs -mfpu=fpv4-sp-d16 -mfloat-abi=hard -mthumb -Wl,--start-group -lc -lm -Wl,--end-group
Finished building target: ECED4402_2022.elf
 
arm-none-eabi-size   ECED4402_2022.elf 
arm-none-eabi-objdump -h -S  ECED4402_2022.elf  > "ECED4402_2022.list"
   text	   data	    bss	    dec	    hex	filename
  21432	    108	  20932	  42472	   a5e8	ECED4402_2022.elf
Finished building: default.size.stdout
 
Finished building: ECED4402_2022.list
 
14:58:29 **** Incremental Build of configuration Debug for project ECED4402_2022 ****
make -j12 all 
arm-none-eabi-size   ECED4402_2022.elf 
   text	   data	    bss	    dec	    hex	filename
  21432	    108	  20932	  42472	   a5e8	ECED4402_2022.elf
Finished building: default.size.stdout
 
15:01:11 **** Incremental Build of configuration Debug for project ECED4402_2022 ****
make -j12 all 
arm-none-eabi-gcc "../Core/Src/User/main_user.c" -mcpu=cortex-m4 -std=gnu11 -g3 -DDEBUG -DUSE_HAL_DRIVER -DSTM32F411xE -c -I../Core/Inc -I../Drivers/STM32F4xx_HAL_Driver/Inc -I../Drivers/STM32F4xx_HAL_Driver/Inc/Legacy -I../Drivers/CMSIS/Device/ST/STM32F4xx/Include -I../Drivers/CMSIS/Include -I../Middlewares/Third_Party/FreeRTOS/Source/include -I../Middlewares/Third_Party/FreeRTOS/Source/CMSIS_RTOS_V2 -I../Middlewares/Third_Party/FreeRTOS/Source/portable/GCC/ARM_CM4F -O0 -ffunction-sections -fdata-sections -Wall -fstack-usage -fcyclomatic-complexity -MMD -MP -MF"Core/Src/User/main_user.d" -MT"Core/Src/User/main_user.o" --specs=nano.specs -mfpu=fpv4-sp-d16 -mfloat-abi=hard -mthumb -o "Core/Src/User/main_user.o"
arm-none-eabi-gcc -o "ECED4402_2022.elf" @"objects.list"   -mcpu=cortex-m4 -T"D:\STM32CubeIDE\ECED4402 Lab2\ECED4402_2022\STM32F411RETX_FLASH.ld" --specs=nosys.specs -Wl,-Map="ECED4402_2022.map" -Wl,--gc-sections -static --specs=nano.specs -mfpu=fpv4-sp-d16 -mfloat-abi=hard -mthumb -Wl,--start-group -lc -lm -Wl,--end-group
Finished building target: ECED4402_2022.elf
 
arm-none-eabi-size   ECED4402_2022.elf 
arm-none-eabi-objdump -h -S  ECED4402_2022.elf  > "ECED4402_2022.list"
   text	   data	    bss	    dec	    hex	filename
  21432	    108	  20932	  42472	   a5e8	ECED4402_2022.elf
Finished building: default.size.stdout
 
Finished building: ECED4402_2022.list
 
15:02:36 **** Incremental Build of configuration Debug for project ECED4402_2022 ****
make -j12 all 
arm-none-eabi-gcc "../Core/Src/User/main_user.c" -mcpu=cortex-m4 -std=gnu11 -g3 -DDEBUG -DUSE_HAL_DRIVER -DSTM32F411xE -c -I../Core/Inc -I../Drivers/STM32F4xx_HAL_Driver/Inc -I../Drivers/STM32F4xx_HAL_Driver/Inc/Legacy -I../Drivers/CMSIS/Device/ST/STM32F4xx/Include -I../Drivers/CMSIS/Include -I../Middlewares/Third_Party/FreeRTOS/Source/include -I../Middlewares/Third_Party/FreeRTOS/Source/CMSIS_RTOS_V2 -I../Middlewares/Third_Party/FreeRTOS/Source/portable/GCC/ARM_CM4F -O0 -ffunction-sections -fdata-sections -Wall -fstack-usage -fcyclomatic-complexity -MMD -MP -MF"Core/Src/User/main_user.d" -MT"Core/Src/User/main_user.o" --specs=nano.specs -mfpu=fpv4-sp-d16 -mfloat-abi=hard -mthumb -o "Core/Src/User/main_user.o"
arm-none-eabi-gcc -o "ECED4402_2022.elf" @"objects.list"   -mcpu=cortex-m4 -T"D:\STM32CubeIDE\ECED4402 Lab2\ECED4402_2022\STM32F411RETX_FLASH.ld" --specs=nosys.specs -Wl,-Map="ECED4402_2022.map" -Wl,--gc-sections -static --specs=nano.specs -mfpu=fpv4-sp-d16 -mfloat-abi=hard -mthumb -Wl,--start-group -lc -lm -Wl,--end-group
Finished building target: ECED4402_2022.elf
 
arm-none-eabi-size   ECED4402_2022.elf 
arm-none-eabi-objdump -h -S  ECED4402_2022.elf  > "ECED4402_2022.list"
   text	   data	    bss	    dec	    hex	filename
  21432	    108	  20932	  42472	   a5e8	ECED4402_2022.elf
Finished building: default.size.stdout
 
Finished building: ECED4402_2022.list
 
15:05:37 **** Incremental Build of configuration Debug for project ECED4402_2022 ****
make -j12 all 
arm-none-eabi-gcc "../Core/Src/User/main_user.c" -mcpu=cortex-m4 -std=gnu11 -g3 -DDEBUG -DUSE_HAL_DRIVER -DSTM32F411xE -c -I../Core/Inc -I../Drivers/STM32F4xx_HAL_Driver/Inc -I../Drivers/STM32F4xx_HAL_Driver/Inc/Legacy -I../Drivers/CMSIS/Device/ST/STM32F4xx/Include -I../Drivers/CMSIS/Include -I../Middlewares/Third_Party/FreeRTOS/Source/include -I../Middlewares/Third_Party/FreeRTOS/Source/CMSIS_RTOS_V2 -I../Middlewares/Third_Party/FreeRTOS/Source/portable/GCC/ARM_CM4F -O0 -ffunction-sections -fdata-sections -Wall -fstack-usage -fcyclomatic-complexity -MMD -MP -MF"Core/Src/User/main_user.d" -MT"Core/Src/User/main_user.o" --specs=nano.specs -mfpu=fpv4-sp-d16 -mfloat-abi=hard -mthumb -o "Core/Src/User/main_user.o"
arm-none-eabi-gcc -o "ECED4402_2022.elf" @"objects.list"   -mcpu=cortex-m4 -T"D:\STM32CubeIDE\ECED4402 Lab2\ECED4402_2022\STM32F411RETX_FLASH.ld" --specs=nosys.specs -Wl,-Map="ECED4402_2022.map" -Wl,--gc-sections -static --specs=nano.specs -mfpu=fpv4-sp-d16 -mfloat-abi=hard -mthumb -Wl,--start-group -lc -lm -Wl,--end-group
Finished building target: ECED4402_2022.elf
 
arm-none-eabi-size   ECED4402_2022.elf 
arm-none-eabi-objdump -h -S  ECED4402_2022.elf  > "ECED4402_2022.list"
   text	   data	    bss	    dec	    hex	filename
  21512	    108	  20932	  42552	   a638	ECED4402_2022.elf
Finished building: default.size.stdout
 
Finished building: ECED4402_2022.list
 
15:06:16 **** Incremental Build of configuration Debug for project ECED4402_2022 ****
make -j12 all 
arm-none-eabi-size   ECED4402_2022.elf 
   text	   data	    bss	    dec	    hex	filename
  21512	    108	  20932	  42552	   a638	ECED4402_2022.elf
Finished building: default.size.stdout
 
15:33:39 **** Incremental Build of configuration Debug for project ECED4402_2022 ****
make -j12 all 
[...]
arm-none-eabi-gcc "../Drivers/STM32F4xx_HAL_Driver/Src/stm32f4xx_hal_pwr.c" -mcpu=cortex-m4 -std=gnu11 -g3 -DDEBUG -DUSE_HAL_DRIVER -DSTM32F411xE -c -I../Core/Inc -I../Drivers/STM32F4xx_HAL_Driver/Inc -I../Drivers/STM32F4xx_HAL_Driver/Inc/Legacy -I../Drivers/CMSIS/Device/ST/STM32F4xx/Include -I../Drivers/CMSIS/Include -I../Middlewares/Third_Party/FreeRTOS/Source/include -I../Middlewares/Third_Party/FreeRTOS/Source/CMSIS_RTOS_V2 -I../Middlewares/Third_Party/FreeRTOS/Source/portable/GCC/ARM_CM4F -O0 -ffunction-sections -fdata-sections -Wall -fstack-usage -fcyclomatic-complexity -MMD -MP -MF"Drivers/STM32F4xx_HAL_Driver/Src/stm32f4xx_hal_pwr.d" -MT"Drivers/STM32F4xx_HAL_Driver/Src/stm32f4xx_hal_pwr.o" --specs=nano.specs -mfpu=fpv4-sp-d16 -mfloat-abi=hard -mthumb -o "Drivers/STM32F4xx_HAL_Driver/Src/stm32f4xx_hal_pwr.o"
../Middlewares/Third_Party/FreeRTOS/Source/CMSIS_RTOS_V2/cmsis_os2.c: In function 'osThreadTerminate':
../Middlewares/Third_Party/FreeRTOS/Source/CMSIS_RTOS_V2/cmsis_os2.c:658:16: warning: unused variable 'hTask' [-Wunused-variable]
  658 |   TaskHandle_t hTask = (TaskHandle_t)thread_id;
      |                ^~~~~
../Middlewares/Third_Party/FreeRTOS/Source/CMSIS_RTOS_V2/cmsis_os2.c: In function 'osTimerDelete':
../Middlewares/Third_Party/FreeRTOS/Source/CMSIS_RTOS_V2/cmsis_os2.c:1079:17: warning: unused variable 'hTimer' [-Wunused-variable]
 1079 |   TimerHandle_t hTimer = (TimerHandle_t)timer_id;
      |                 ^~~~~~
../Middlewares/Third_Party/FreeRTOS/Source/CMSIS_RTOS_V2/cmsis_os2.c: In function 'osEventFlagsDelete':
../Middlewares/Third_Party/FreeRTOS/Source/CMSIS_RTOS_V2/cmsis_os2.c:1275:22: warning: unused variable 'hEventGroup' [-Wunused-variable]
 1275 |   EventGroupHandle_t hEventGroup = (EventGroupHandle_t)ef_id;
      |                      ^~~~~~~~~~~
../Middlewares/Third_Party/FreeRTOS/Source/CMSIS_RTOS_V2/cmsis_os2.c: In function 'osSemaphoreDelete':
../Middlewares/Third_Party/FreeRTOS/Source/CMSIS_RTOS_V2/cmsis_os2.c:1666:21: warning: unused variable 'hSemaphore' [-Wunused-variable]
 1666 |   SemaphoreHandle_t hSemaphore = (SemaphoreHandle_t)semaphore_id;
      |                     ^~~~~~~~~~
../Middlewares/Third_Party/FreeRTOS/Source/CMSIS_RTOS_V2/cmsis_os2.c: In function 'osMessageQueueDelete':
../Middlewares/Third_Party/FreeRTOS/Source/CMSIS_RTOS_V2/cmsis_os2.c:1919:17: warning: unused variable 'hQueue' [-Wunused-variable]
 1919 |   QueueHandle_t hQueue = (QueueHandle_t)mq_id;
      |                 ^~~~~~
arm-none-eabi-gcc "../Drivers/STM32F4xx_HAL_Driver/Src/stm32f4xx_hal_pwr_ex.c" -mcpu=cortex-m4 -std=gnu11 -g3 -DDEBUG -DUSE_HAL_DRIVER -DSTM32F411xE -c -I../Core/Inc -I../Drivers/STM32F4xx_HAL_Driver/Inc -I../Drivers/STM32F4xx_HAL_Driver/Inc/Legacy -I../Drivers/CMSIS/Device/ST/STM32F4xx/Include -I../Drivers/CMSIS/Include -I../Middlewares/Third_Party/FreeRTOS/Source/include -I../Middlewares/Third_Party/FreeRTOS/Source/CMSIS_RTOS_V2 -I../Middlewares/Third_Party/FreeRTOS/Source/portable/GCC/ARM_CM4F -O0 -ffunction-sections -fdata-sections -Wall -fstack-usage -fcyclomatic-complexity -MMD -MP -MF"Drivers/STM32F4xx_HAL_Driver/Src/stm32f4xx_hal_pwr_ex.d" -MT"Drivers/STM32F4xx_HAL_Driver/Src/stm32f4xx_hal_pwr_ex.o" --specs=nano.specs -mfpu=fpv4-sp-d16 -mfloat-abi=hard -mthumb -o "Drivers/STM32F4xx_HAL_Driver/Src/stm32f4xx_hal_pwr_ex.o"
arm-none-eabi-gcc "../Drivers/STM32F4xx_HAL_Driver/Src/stm32f4xx_hal_rcc.c" -mcpu=cortex-m4 -std=gnu11 -g3 -DDEBUG -DUSE_HAL_DRIVER -DSTM32F411xE -c -I../Core/Inc -I../Drivers/STM32F4xx_HAL_Driver/Inc -I../Drivers/STM32F4xx_HAL_Driver/Inc/Legacy -I../Drivers/CMSIS/Device/ST/STM32F4xx/Include -I../Drivers/CMSIS/Include -I../Middlewares/Third_Party/FreeRTOS/Source/include -I../Middlewares/Third_Party/FreeRTOS/Source/CMSIS_RTOS_V2 -I../Middlewares/Third_Party/FreeRTOS/Source/portable/GCC/ARM_CM4F -O0 -ffunction-sections -fdata-sections -Wall -fstack-usage -fcyclomatic-complexity -MMD -MP -MF"Drivers/STM32F4xx_HAL_Driver/Src/stm32f4xx_hal_rcc.d" -MT"Drivers/STM32F4xx_HAL_Driver/Src/stm32f4xx_hal_rcc.o" --specs=nano.specs -mfpu=fpv4-sp-d16 -mfloat-abi=hard -mthumb -o "Drivers/STM32F4xx_HAL_Driver/Src/stm32f4xx_hal_rcc.o"
arm-none-eabi-gcc "../Drivers/STM32F4xx_HAL_Driver/Src/stm32f4xx_hal_rcc_ex.c" -mcpu=cortex-m4 -std=gnu11 -g3 -DDEBUG -DUSE_HAL_DRIVER -DSTM32F411xE -c -I../Core/Inc -I../Drivers/STM32F4xx_HAL_Driver/Inc -I../Drivers/STM32F4xx_HAL_Driver/Inc/Legacy -I../Drivers/CMSIS/Device/ST/STM32F4xx/Include -I../Drivers/CMSIS/Include -I../Middlewares/Third_Party/FreeRTOS/Source/include -I../Middlewares/Third_Party/FreeRTOS/Source/CMSIS_RTOS_V2 -I../Middlewares/Third_Party/FreeRTOS/Source/portable/GCC/ARM_CM4F -O0 -ffunction-sections -fdata-sections -Wall -fstack-usage -fcyclomatic-complexity -MMD -MP -MF"Drivers/STM32F4xx_HAL_Driver/Src/stm32f4xx_hal_rcc_ex.d" -MT"Drivers/STM32F4xx_HAL_Driver/Src/stm32f4xx_hal_rcc_ex.o" --specs=nano.specs -mfpu=fpv4-sp-d16 -mfloat-abi=hard -mthumb -o "Drivers/STM32F4xx_HAL_Driver/Src/stm32f4xx_hal_rcc_ex.o"
arm-none-eabi-gcc "../Drivers/STM32F4xx_HAL_Driver/Src/stm32f4xx_hal_tim.c" -mcpu=cortex-m4 -std=gnu11 -g3 -DDEBUG -DUSE_HAL_DRIVER -DSTM32F411xE -c -I../Core/Inc -I../Drivers/STM32F4xx_HAL_Driver/Inc -I../Drivers/STM32F4xx_HAL_Driver/Inc/Legacy -I../Drivers/CMSIS/Device/ST/STM32F4xx/Include -I../Drivers/CMSIS/Include -I../Middlewares/Third_Party/FreeRTOS/Source/include -I../Middlewares/Third_Party/FreeRTOS/Source/CMSIS_RTOS_V2 -I../Middlewares/Third_Party/FreeRTOS/Source/portable/GCC/ARM_CM4F -O0 -ffunction-sections -fdata-sections -Wall -fstack-usage -fcyclomatic-complexity -MMD -MP -MF"Drivers/STM32F4xx_HAL_Driver/Src/stm32f4xx_hal_tim.d" -MT"Drivers/STM32F4xx_HAL_Driver/Src/stm32f4xx_hal_tim.o" --specs=nano.specs -mfpu=fpv4-sp-d16 -mfloat-abi=hard -mthumb -o "Drivers/STM32F4xx_HAL_Driver/Src/stm32f4xx_hal_tim.o"
arm-none-eabi-gcc "../Drivers/STM32F4xx_HAL_Driver/Src/stm32f4xx_hal_tim_ex.c" -mcpu=cortex-m4 -std=gnu11 -g3 -DDEBUG -DUSE_HAL_DRIVER -DSTM32F411xE -c -I../Core/Inc -I../Drivers/STM32F4xx_HAL_Driver/Inc -I../Drivers/STM32F4xx_HAL_Driver/Inc/Legacy -I../Drivers/CMSIS/Device/ST/STM32F4xx/Include -I../Drivers/CMSIS/Include -I../Middlewares/Third_Party/FreeRTOS/Source/include -I../Middlewares/Third_Party/FreeRTOS/Source/CMSIS_RTOS_V2 -I../Middlewares/Third_Party/FreeRTOS/Source/portable/GCC/ARM_CM4F -O0 -ffunction-sections -fdata-sections -Wall -fstack-usage -fcyclomatic-complexity -MMD -MP -MF"Drivers/STM32F4xx_HAL_Driver/Src/stm32f4xx_hal_tim_ex.d" -MT"Drivers/STM32F4xx_HAL_Driver/Src/stm32f4xx_hal_tim_ex.o" --specs=nano.specs -mfpu=fpv4-sp-d16 -mfloat-abi=hard -mthumb -o "Drivers/STM32F4xx_HAL_Driver/Src/stm32f4xx_hal_tim_ex.o"
arm-none-eabi-gcc "../Drivers/STM32F4xx_HAL_Driver/Src/stm32f4xx_hal_uart.c" -mcpu=cortex-m4 -std=gnu11 -g3 -DDEBUG -DUSE_HAL_DRIVER -DSTM32F411xE -c -I../Core/Inc -I../Drivers/STM32F4xx_HAL_Driver/Inc -I../Drivers/STM32F4xx_HAL_Driver/Inc/Legacy -I../Drivers/CMSIS/Device/ST/STM32F4xx/Include -I../Drivers/CMSIS/Include -I../Middlewares/Third_Party/FreeRTOS/Source/include -I../Middlewares/Third_Party/FreeRTOS/Source/CMSIS_RTOS_V2 -I../Middlewares/Third_Party/FreeRTOS/Source/portable/GCC/ARM_CM4F -O0 -ffunction-sections -fdata-sections -Wall -fstack-usage -fcyclomatic-complexity -MMD -MP -MF"Drivers/STM32F4xx_HAL_Driver/Src/stm32f4xx_hal_uart.d" -MT"Drivers/STM32F4xx_HAL_Driver/Src/stm32f4xx_hal_uart.o" --specs=nano.specs -mfpu=fpv4-sp-d16 -mfloat-abi=hard -mthumb -o "Drivers/STM32F4xx_HAL_Driver/Src/stm32f4xx_hal_uart.o"
arm-none-eabi-gcc "../Core/Src/User/main_user.c" -mcpu=cortex-m4 -std=gnu11 -g3 -DDEBUG -DUSE_HAL_DRIVER -DSTM32F411xE -c -I../Core/Inc -I../Drivers/STM32F4xx_HAL_Driver/Inc -I../Drivers/STM32F4xx_HAL_Driver/Inc/Legacy -I../Drivers/CMSIS/Device/ST/STM32F4xx/Include -I../Drivers/CMSIS/Include -I../Middlewares/Third_Party/FreeRTOS/Source/include -I../Middlewares/Third_Party/FreeRTOS/Source/CMSIS_RTOS_V2 -I../Middlewares/Third_Party/FreeRTOS/Source/portable/GCC/ARM_CM4F -O0 -ffunction-sections -fdata-sections -Wall -fstack-usage -fcyclomatic-complexity -MMD -MP -MF"Core/Src/User/main_user.d" -MT"Core/Src/User/main_user.o" --specs=nano.specs -mfpu=fpv4-sp-d16 -mfloat-abi=hard -mthumb -o "Core/Src/User/main_user.o"
arm-none-eabi-gcc "../Core/Src/User/util.c" -mcpu=cortex-m4 -std=gnu11 -g3 -DDEBUG -DUSE_HAL_DRIVER -DSTM32F411xE -c -I../Core/Inc -I../Drivers/STM32F4xx_HAL_Driver/Inc -I../Drivers/STM32F4xx_HAL_Driver/Inc/Legacy -I../Drivers/CMSIS/Device/ST/STM32F4xx/Include -I../Drivers/CMSIS/Include -I../Middlewares/Third_Party/FreeRTOS/Source/include -I../Middlewares/Third_Party/FreeRTOS/Source/CMSIS_RTOS_V2 -I../Middlewares/Third_Party/FreeRTOS/Source/portable/GCC/ARM_CM4F -O0 -ffunction-sections -fdata-sections -Wall -fstack-usage -fcyclomatic-complexity -MMD -MP -MF"Core/Src/User/util.d" -MT"Core/Src/User/util.o" --specs=nano.specs -mfpu=fpv4-sp-d16 -mfloat-abi=hard -mthumb -o "Core/Src/User/util.o"
arm-none-eabi-gcc "../Core/Src/freertos.c" -mcpu=cortex-m4 -std=gnu11 -g3 -DDEBUG -DUSE_HAL_DRIVER -DSTM32F411xE -c -I../Core/Inc -I../Drivers/STM32F4xx_HAL_Driver/Inc -I../Drivers/STM32F4xx_HAL_Driver/Inc/Legacy -I../Drivers/CMSIS/Device/ST/STM32F4xx/Include -I../Drivers/CMSIS/Include -I../Middlewares/Third_Party/FreeRTOS/Source/include -I../Middlewares/Third_Party/FreeRTOS/Source/CMSIS_RTOS_V2 -I../Middlewares/Third_Party/FreeRTOS/Source/portable/GCC/ARM_CM4F -O0 -ffunction-sections -fdata-sections -Wall -fstack-usage -fcyclomatic-complexity -MMD -MP -MF"Core/Src/freertos.d" -MT"Core/Src/freertos.o" --specs=nano.specs -mfpu=fpv4-sp-d16 -mfloat-abi=hard -mthumb -o "Core/Src/freertos.o"
arm-none-eabi-gcc "../Core/Src/main.c" -mcpu=cortex-m4 -std=gnu11 -g3 -DDEBUG -DUSE_HAL_DRIVER -DSTM32F411xE -c -I../Core/Inc -I../Drivers/STM32F4xx_HAL_Driver/Inc -I../Drivers/STM32F4xx_HAL_Driver/Inc/Legacy -I../Drivers/CMSIS/Device/ST/STM32F4xx/Include -I../Drivers/CMSIS/Include -I../Middlewares/Third_Party/FreeRTOS/Source/include -I../Middlewares/Third_Party/FreeRTOS/Source/CMSIS_RTOS_V2 -I../Middlewares/Third_Party/FreeRTOS/Source/portable/GCC/ARM_CM4F -O0 -ffunction-sections -fdata-sections -Wall -fstack-usage -fcyclomatic-complexity -MMD -MP -MF"Core/Src/main.d" -MT"Core/Src/main.o" --specs=nano.specs -mfpu=fpv4-sp-d16 -mfloat-abi=hard -mthumb -o "Core/Src/main.o"
arm-none-eabi-gcc "../Core/Src/stm32f4xx_hal_msp.c" -mcpu=cortex-m4 -std=gnu11 -g3 -DDEBUG -DUSE_HAL_DRIVER -DSTM32F411xE -c -I../Core/Inc -I../Drivers/STM32F4xx_HAL_Driver/Inc -I../Drivers/STM32F4xx_HAL_Driver/Inc/Legacy -I../Drivers/CMSIS/Device/ST/STM32F4xx/Include -I../Drivers/CMSIS/Include -I../Middlewares/Third_Party/FreeRTOS/Source/include -I../Middlewares/Third_Party/FreeRTOS/Source/CMSIS_RTOS_V2 -I../Middlewares/Third_Party/FreeRTOS/Source/portable/GCC/ARM_CM4F -O0 -ffunction-sections -fdata-sections -Wall -fstack-usage -fcyclomatic-complexity -MMD -MP -MF"Core/Src/stm32f4xx_hal_msp.d" -MT"Core/Src/stm32f4xx_hal_msp.o" --specs=nano.specs -mfpu=fpv4-sp-d16 -mfloat-abi=hard -mthumb -o "Core/Src/stm32f4xx_hal_msp.o"
arm-none-eabi-gcc "../Core/Src/stm32f4xx_hal_timebase_tim.c" -mcpu=cortex-m4 -std=gnu11 -g3 -DDEBUG -DUSE_HAL_DRIVER -DSTM32F411xE -c -I../Core/Inc -I../Drivers/STM32F4xx_HAL_Driver/Inc -I../Drivers/STM32F4xx_HAL_Driver/Inc/Legacy -I../Drivers/CMSIS/Device/ST/STM32F4xx/Include -I../Drivers/CMSIS/Include -I../Middlewares/Third_Party/FreeRTOS/Source/include -I../Middlewares/Third_Party/FreeRTOS/Source/CMSIS_RTOS_V2 -I../Middlewares/Third_Party/FreeRTOS/Source/portable/GCC/ARM_CM4F -O0 -ffunction-sections -fdata-sections -Wall -fstack-usage -fcyclomatic-complexity -MMD -MP -MF"Core/Src/stm32f4xx_hal_timebase_tim.d" -MT"Core/Src/stm32f4xx_hal_timebase_tim.o" --specs=nano.specs -mfpu=fpv4-sp-d16 -mfloat-abi=hard -mthumb -o "Core/Src/stm32f4xx_hal_timebase_tim.o"
../Core/Src/User/main_user.c: In function 'main_user':
../Core/Src/User/main_user.c:93:20: warning: unused variable 'param2' [-Wunused-variable]
   93 |         static int param2 = 2;
      |                    ^~~~~~
At top level:
../Core/Src/User/main_user.c:93:20: warning: 'param2' defined but not used [-Wunused-variable]
arm-none-eabi-gcc "../Core/Src/stm32f4xx_it.c" -mcpu=cortex-m4 -std=gnu11 -g3 -DDEBUG -DUSE_HAL_DRIVER -DSTM32F411xE -c -I../Core/Inc -I../Drivers/STM32F4xx_HAL_Driver/Inc -I../Drivers/STM32F4xx_HAL_Driver/Inc/Legacy -I../Drivers/CMSIS/Device/ST/STM32F4xx/Include -I../Drivers/CMSIS/Include -I../Middlewares/Third_Party/FreeRTOS/Source/include -I../Middlewares/Third_Party/FreeRTOS/Source/CMSIS_RTOS_V2 -I../Middlewares/Third_Party/FreeRTOS/Source/portable/GCC/ARM_CM4F -O0 -ffunction-sections -fdata-sections -Wall -fstack-usage -fcyclomatic-complexity -MMD -MP -MF"Core/Src/stm32f4xx_it.d" -MT"Core/Src/stm32f4xx_it.o" --specs=nano.specs -mfpu=fpv4-sp-d16 -mfloat-abi=hard -mthumb -o "Core/Src/stm32f4xx_it.o"
arm-none-eabi-gcc "../Core/Src/system_stm32f4xx.c" -mcpu=cortex-m4 -std=gnu11 -g3 -DDEBUG -DUSE_HAL_DRIVER -DSTM32F411xE -c -I../Core/Inc -I../Drivers/STM32F4xx_HAL_Driver/Inc -I../Drivers/STM32F4xx_HAL_Driver/Inc/Legacy -I../Drivers/CMSIS/Device/ST/STM32F4xx/Include -I../Drivers/CMSIS/Include -I../Middlewares/Third_Party/FreeRTOS/Source/include -I../Middlewares/Third_Party/FreeRTOS/Source/CMSIS_RTOS_V2 -I../Middlewares/Third_Party/FreeRTOS/Source/portable/GCC/ARM_CM4F -O0 -ffunction-sections -fdata-sections -Wall -fstack-usage -fcyclomatic-complexity -MMD -MP -MF"Core/Src/system_stm32f4xx.d" -MT"Core/Src/system_stm32f4xx.o" --specs=nano.specs -mfpu=fpv4-sp-d16 -mfloat-abi=hard -mthumb -o "Core/Src/system_stm32f4xx.o"
arm-none-eabi-gcc -o "ECED4402_2022.elf" @"objects.list"   -mcpu=cortex-m4 -T"D:\STM32CubeIDE\ECED4402 Lab2\ECED4402_2022\STM32F411RETX_FLASH.ld" --specs=nosys.specs -Wl,-Map="ECED4402_2022.map" -Wl,--gc-sections -static --specs=nano.specs -mfpu=fpv4-sp-d16 -mfloat-abi=hard -mthumb -Wl,--start-group -lc -lm -Wl,--end-group
Finished building target: ECED4402_2022.elf
 
arm-none-eabi-size   ECED4402_2022.elf 
arm-none-eabi-objdump -h -S  ECED4402_2022.elf  > "ECED4402_2022.list"
   text	   data	    bss	    dec	    hex	filename
  24068	    108	  20996	  45172	   b074	ECED4402_2022.elf
Finished building: default.size.stdout
 
Finished building: ECED4402_2022.list
 
16:51:18 **** Incremental Build of configuration Debug for project ECED4402_2022 ****
make -j12 all 
arm-none-eabi-gcc "../Core/Src/User/main_user.c" -mcpu=cortex-m4 -std=gnu11 -g3 -DDEBUG -DUSE_HAL_DRIVER -DSTM32F411xE -c -I../Core/Inc -I../Drivers/STM32F4xx_HAL_Driver/Inc -I../Drivers/STM32F4xx_HAL_Driver/Inc/Legacy -I../Drivers/CMSIS/Device/ST/STM32F4xx/Include -I../Drivers/CMSIS/Include -I../Middlewares/Third_Party/FreeRTOS/Source/include -I../Middlewares/Third_Party/FreeRTOS/Source/CMSIS_RTOS_V2 -I../Middlewares/Third_Party/FreeRTOS/Source/portable/GCC/ARM_CM4F -O0 -ffunction-sections -fdata-sections -Wall -fstack-usage -fcyclomatic-complexity -MMD -MP -MF"Core/Src/User/main_user.d" -MT"Core/Src/User/main_user.o" --specs=nano.specs -mfpu=fpv4-sp-d16 -mfloat-abi=hard -mthumb -o "Core/Src/User/main_user.o"
arm-none-eabi-gcc -o "ECED4402_2022.elf" @"objects.list"   -mcpu=cortex-m4 -T"D:\STM32CubeIDE\ECED4402 Lab2\ECED4402_2022\STM32F411RETX_FLASH.ld" --specs=nosys.specs -Wl,-Map="ECED4402_2022.map" -Wl,--gc-sections -static --specs=nano.specs -mfpu=fpv4-sp-d16 -mfloat-abi=hard -mthumb -Wl,--start-group -lc -lm -Wl,--end-group
Finished building target: ECED4402_2022.elf
 
arm-none-eabi-size   ECED4402_2022.elf 
arm-none-eabi-objdump -h -S  ECED4402_2022.elf  > "ECED4402_2022.list"
   text	   data	    bss	    dec	    hex	filename
  24176	    112	  21000	  45288	   b0e8	ECED4402_2022.elf
Finished building: default.size.stdout
 
Finished building: ECED4402_2022.list
 
16:53:19 **** Incremental Build of configuration Debug for project ECED4402_2022 ****
make -j12 all 
arm-none-eabi-gcc "../Core/Src/User/main_user.c" -mcpu=cortex-m4 -std=gnu11 -g3 -DDEBUG -DUSE_HAL_DRIVER -DSTM32F411xE -c -I../Core/Inc -I../Drivers/STM32F4xx_HAL_Driver/Inc -I../Drivers/STM32F4xx_HAL_Driver/Inc/Legacy -I../Drivers/CMSIS/Device/ST/STM32F4xx/Include -I../Drivers/CMSIS/Include -I../Middlewares/Third_Party/FreeRTOS/Source/include -I../Middlewares/Third_Party/FreeRTOS/Source/CMSIS_RTOS_V2 -I../Middlewares/Third_Party/FreeRTOS/Source/portable/GCC/ARM_CM4F -O0 -ffunction-sections -fdata-sections -Wall -fstack-usage -fcyclomatic-complexity -MMD -MP -MF"Core/Src/User/main_user.d" -MT"Core/Src/User/main_user.o" --specs=nano.specs -mfpu=fpv4-sp-d16 -mfloat-abi=hard -mthumb -o "Core/Src/User/main_user.o"
../Core/Src/User/main_user.c: In function 'main_user':
../Core/Src/User/main_user.c:93:20: warning: unused variable 'param2' [-Wunused-variable]
   93 |         static int param2 = 2;
      |                    ^~~~~~
../Core/Src/User/main_user.c:92:20: warning: unused variable 'param1' [-Wunused-variable]
   92 |         static int param1 = 1;
      |                    ^~~~~~
../Core/Src/User/main_user.c:91:20: warning: unused variable 'param0' [-Wunused-variable]
   91 |         static int param0 = 0;
      |                    ^~~~~~
At top level:
../Core/Src/User/main_user.c:91:20: warning: 'param0' defined but not used [-Wunused-variable]
../Core/Src/User/main_user.c:92:20: warning: 'param1' defined but not used [-Wunused-variable]
   92 |         static int param1 = 1;
      |                    ^~~~~~
../Core/Src/User/main_user.c:93:20: warning: 'param2' defined but not used [-Wunused-variable]
   93 |         static int param2 = 2;
      |                    ^~~~~~
../Core/Src/User/main_user.c:33:13: warning: 'PrintStringTask' defined but not used [-Wunused-function]
   33 | static void PrintStringTask(void *params){
      |             ^~~~~~~~~~~~~~~
arm-none-eabi-gcc -o "ECED4402_2022.elf" @"objects.list"   -mcpu=cortex-m4 -T"D:\STM32CubeIDE\ECED4402 Lab2\ECED4402_2022\STM32F411RETX_FLASH.ld" --specs=nosys.specs -Wl,-Map="ECED4402_2022.map" -Wl,--gc-sections -static --specs=nano.specs -mfpu=fpv4-sp-d16 -mfloat-abi=hard -mthumb -Wl,--start-group -lc -lm -Wl,--end-group
Finished building target: ECED4402_2022.elf
 
arm-none-eabi-size   ECED4402_2022.elf 
arm-none-eabi-objdump -h -S  ECED4402_2022.elf  > "ECED4402_2022.list"
   text	   data	    bss	    dec	    hex	filename
  23960	    104	  20992	  45056	   b000	ECED4402_2022.elf
Finished building: default.size.stdout
 
Finished building: ECED4402_2022.list
 
17:21:12 **** Incremental Build of configuration Debug for project ECED4402_2022 ****
make -j12 all 
arm-none-eabi-gcc "../Core/Src/User/main_user.c" -mcpu=cortex-m4 -std=gnu11 -g3 -DDEBUG -DUSE_HAL_DRIVER -DSTM32F411xE -c -I../Core/Inc -I../Drivers/STM32F4xx_HAL_Driver/Inc -I../Drivers/STM32F4xx_HAL_Driver/Inc/Legacy -I../Drivers/CMSIS/Device/ST/STM32F4xx/Include -I../Drivers/CMSIS/Include -I../Middlewares/Third_Party/FreeRTOS/Source/include -I../Middlewares/Third_Party/FreeRTOS/Source/CMSIS_RTOS_V2 -I../Middlewares/Third_Party/FreeRTOS/Source/portable/GCC/ARM_CM4F -O0 -ffunction-sections -fdata-sections -Wall -fstack-usage -fcyclomatic-complexity -MMD -MP -MF"Core/Src/User/main_user.d" -MT"Core/Src/User/main_user.o" --specs=nano.specs -mfpu=fpv4-sp-d16 -mfloat-abi=hard -mthumb -o "Core/Src/User/main_user.o"
arm-none-eabi-gcc -o "ECED4402_2022.elf" @"objects.list"   -mcpu=cortex-m4 -T"D:\STM32CubeIDE\ECED4402 Lab2\ECED4402_2022\STM32F411RETX_FLASH.ld" --specs=nosys.specs -Wl,-Map="ECED4402_2022.map" -Wl,--gc-sections -static --specs=nano.specs -mfpu=fpv4-sp-d16 -mfloat-abi=hard -mthumb -Wl,--start-group -lc -lm -Wl,--end-group
Finished building target: ECED4402_2022.elf
 
arm-none-eabi-size   ECED4402_2022.elf 
arm-none-eabi-objdump -h -S  ECED4402_2022.elf  > "ECED4402_2022.list"
   text	   data	    bss	    dec	    hex	filename
  24176	    112	  21000	  45288	   b0e8	ECED4402_2022.elf
Finished building: default.size.stdout
 
Finished building: ECED4402_2022.list
 
